Archive member included to satisfy reference by file (symbol)

/Applications/STM32CubeIDE.app/Contents/Eclipse/plugins/com.st.stm32cube.ide.mcu.externaltools.gnu-tools-for-stm32.11.3.rel1.macos64_1.1.1.202309131626/tools/bin/../lib/gcc/arm-none-eabi/11.3.1/../../../../arm-none-eabi/lib/thumb/v7e-m+fp/hard/libc_nano.a(libc_a-exit.o)
                              /Applications/STM32CubeIDE.app/Contents/Eclipse/plugins/com.st.stm32cube.ide.mcu.externaltools.gnu-tools-for-stm32.11.3.rel1.macos64_1.1.1.202309131626/tools/bin/../lib/gcc/arm-none-eabi/11.3.1/../../../../arm-none-eabi/lib/thumb/v7e-m+fp/hard/crt0.o (exit)
/Applications/STM32CubeIDE.app/Contents/Eclipse/plugins/com.st.stm32cube.ide.mcu.externaltools.gnu-tools-for-stm32.11.3.rel1.macos64_1.1.1.202309131626/tools/bin/../lib/gcc/arm-none-eabi/11.3.1/../../../../arm-none-eabi/lib/thumb/v7e-m+fp/hard/libc_nano.a(libc_a-findfp.o)
                              /Applications/STM32CubeIDE.app/Contents/Eclipse/plugins/com.st.stm32cube.ide.mcu.externaltools.gnu-tools-for-stm32.11.3.rel1.macos64_1.1.1.202309131626/tools/bin/../lib/gcc/arm-none-eabi/11.3.1/../../../../arm-none-eabi/lib/thumb/v7e-m+fp/hard/libc_nano.a(libc_a-exit.o) (__stdio_exit_handler)
/Applications/STM32CubeIDE.app/Contents/Eclipse/plugins/com.st.stm32cube.ide.mcu.externaltools.gnu-tools-for-stm32.11.3.rel1.macos64_1.1.1.202309131626/tools/bin/../lib/gcc/arm-none-eabi/11.3.1/../../../../arm-none-eabi/lib/thumb/v7e-m+fp/hard/libc_nano.a(libc_a-fwalk.o)
                              /Applications/STM32CubeIDE.app/Contents/Eclipse/plugins/com.st.stm32cube.ide.mcu.externaltools.gnu-tools-for-stm32.11.3.rel1.macos64_1.1.1.202309131626/tools/bin/../lib/gcc/arm-none-eabi/11.3.1/../../../../arm-none-eabi/lib/thumb/v7e-m+fp/hard/libc_nano.a(libc_a-findfp.o) (_fwalk_sglue)
/Applications/STM32CubeIDE.app/Contents/Eclipse/plugins/com.st.stm32cube.ide.mcu.externaltools.gnu-tools-for-stm32.11.3.rel1.macos64_1.1.1.202309131626/tools/bin/../lib/gcc/arm-none-eabi/11.3.1/../../../../arm-none-eabi/lib/thumb/v7e-m+fp/hard/libc_nano.a(libc_a-memset.o)
                              /Applications/STM32CubeIDE.app/Contents/Eclipse/plugins/com.st.stm32cube.ide.mcu.externaltools.gnu-tools-for-stm32.11.3.rel1.macos64_1.1.1.202309131626/tools/bin/../lib/gcc/arm-none-eabi/11.3.1/../../../../arm-none-eabi/lib/thumb/v7e-m+fp/hard/crt0.o (memset)
/Applications/STM32CubeIDE.app/Contents/Eclipse/plugins/com.st.stm32cube.ide.mcu.externaltools.gnu-tools-for-stm32.11.3.rel1.macos64_1.1.1.202309131626/tools/bin/../lib/gcc/arm-none-eabi/11.3.1/../../../../arm-none-eabi/lib/thumb/v7e-m+fp/hard/libc_nano.a(libc_a-impure.o)
                              /Applications/STM32CubeIDE.app/Contents/Eclipse/plugins/com.st.stm32cube.ide.mcu.externaltools.gnu-tools-for-stm32.11.3.rel1.macos64_1.1.1.202309131626/tools/bin/../lib/gcc/arm-none-eabi/11.3.1/../../../../arm-none-eabi/lib/thumb/v7e-m+fp/hard/libc_nano.a(libc_a-findfp.o) (_impure_data)
/Applications/STM32CubeIDE.app/Contents/Eclipse/plugins/com.st.stm32cube.ide.mcu.externaltools.gnu-tools-for-stm32.11.3.rel1.macos64_1.1.1.202309131626/tools/bin/../lib/gcc/arm-none-eabi/11.3.1/../../../../arm-none-eabi/lib/thumb/v7e-m+fp/hard/libc_nano.a(libc_a-errno.o)
                              ./Core/Src/syscalls.o (__errno)
/Applications/STM32CubeIDE.app/Contents/Eclipse/plugins/com.st.stm32cube.ide.mcu.externaltools.gnu-tools-for-stm32.11.3.rel1.macos64_1.1.1.202309131626/tools/bin/../lib/gcc/arm-none-eabi/11.3.1/../../../../arm-none-eabi/lib/thumb/v7e-m+fp/hard/libc_nano.a(libc_a-init.o)
                              /Applications/STM32CubeIDE.app/Contents/Eclipse/plugins/com.st.stm32cube.ide.mcu.externaltools.gnu-tools-for-stm32.11.3.rel1.macos64_1.1.1.202309131626/tools/bin/../lib/gcc/arm-none-eabi/11.3.1/../../../../arm-none-eabi/lib/thumb/v7e-m+fp/hard/crt0.o (__libc_init_array)
/Applications/STM32CubeIDE.app/Contents/Eclipse/plugins/com.st.stm32cube.ide.mcu.externaltools.gnu-tools-for-stm32.11.3.rel1.macos64_1.1.1.202309131626/tools/bin/../lib/gcc/arm-none-eabi/11.3.1/../../../../arm-none-eabi/lib/thumb/v7e-m+fp/hard/libc_nano.a(libc_a-lock.o)
                              /Applications/STM32CubeIDE.app/Contents/Eclipse/plugins/com.st.stm32cube.ide.mcu.externaltools.gnu-tools-for-stm32.11.3.rel1.macos64_1.1.1.202309131626/tools/bin/../lib/gcc/arm-none-eabi/11.3.1/../../../../arm-none-eabi/lib/thumb/v7e-m+fp/hard/libc_nano.a(libc_a-findfp.o) (__retarget_lock_init_recursive)
/Applications/STM32CubeIDE.app/Contents/Eclipse/plugins/com.st.stm32cube.ide.mcu.externaltools.gnu-tools-for-stm32.11.3.rel1.macos64_1.1.1.202309131626/tools/bin/../lib/gcc/arm-none-eabi/11.3.1/../../../../arm-none-eabi/lib/thumb/v7e-m+fp/hard/libc_nano.a(libc_a-mallocr.o)
[...]
Memory Configuration

Name             Origin             Length             Attributes
RAM              0x0000000020000000 0x0000000000008000 xrw
FLASH            0x0000000008000000 0x0000000000020000 xr
*default*        0x0000000000000000 0xffffffffffffffff

Linker script and memory map

LOAD /Applications/STM32CubeIDE.app/Contents/Eclipse/plugins/com.st.stm32cube.ide.mcu.externaltools.gnu-tools-for-stm32.11.3.rel1.macos64_1.1.1.202309131626/tools/bin/../lib/gcc/arm-none-eabi/11.3.1/thumb/v7e-m+fp/hard/crti.o
LOAD /Applications/STM32CubeIDE.app/Contents/Eclipse/plugins/com.st.stm32cube.ide.mcu.externaltools.gnu-tools-for-stm32.11.3.rel1.macos64_1.1.1.202309131626/tools/bin/../lib/gcc/arm-none-eabi/11.3.1/thumb/v7e-m+fp/hard/crtbegin.o
LOAD /Applications/STM32CubeIDE.app/Contents/Eclipse/plugins/com.st.stm32cube.ide.mcu.externaltools.gnu-tools-for-stm32.11.3.rel1.macos64_1.1.1.202309131626/tools/bin/../lib/gcc/arm-none-eabi/11.3.1/../../../../arm-none-eabi/lib/thumb/v7e-m+fp/hard/crt0.o
LOAD ./Core/Src/accelerometer.o
LOAD ./Core/Src/dma.o
LOAD ./Core/Src/gpio.o
LOAD ./Core/Src/main.o
LOAD ./Core/Src/sixspeed.o
LOAD ./Core/Src/spi.o
LOAD ./Core/Src/stm32g4xx_hal_msp.o
LOAD ./Core/Src/stm32g4xx_it.o
LOAD ./Core/Src/syscalls.o
LOAD ./Core/Src/sysmem.o
LOAD ./Core/Src/system_stm32g4xx.o
LOAD ./Core/Startup/startup_stm32g431kbtx.o
LOAD ./Drivers/ST7789-STM32/ST7789/fonts.o
LOAD ./Drivers/ST7789-STM32/ST7789/st7789.o
LOAD ./Drivers/STM32G4xx_HAL_Driver/Src/stm32g4xx_hal.o
LOAD ./Drivers/STM32G4xx_HAL_Driver/Src/stm32g4xx_hal_cortex.o
LOAD ./Drivers/STM32G4xx_HAL_Driver/Src/stm32g4xx_hal_dma.o
LOAD ./Drivers/STM32G4xx_HAL_Driver/Src/stm32g4xx_hal_dma_ex.o
LOAD ./Drivers/STM32G4xx_HAL_Driver/Src/stm32g4xx_hal_exti.o
LOAD ./Drivers/STM32G4xx_HAL_Driver/Src/stm32g4xx_hal_flash.o
LOAD ./Drivers/STM32G4xx_HAL_Driver/Src/stm32g4xx_hal_flash_ex.o
LOAD ./Drivers/STM32G4xx_HAL_Driver/Src/stm32g4xx_hal_flash_ramfunc.o
LOAD ./Drivers/STM32G4xx_HAL_Driver/Src/stm32g4xx_hal_gpio.o
LOAD ./Drivers/STM32G4xx_HAL_Driver/Src/stm32g4xx_hal_pwr.o
LOAD ./Drivers/STM32G4xx_HAL_Driver/Src/stm32g4xx_hal_pwr_ex.o
LOAD ./Drivers/STM32G4xx_HAL_Driver/Src/stm32g4xx_hal_rcc.o
LOAD ./Drivers/STM32G4xx_HAL_Driver/Src/stm32g4xx_hal_rcc_ex.o
LOAD ./Drivers/STM32G4xx_HAL_Driver/Src/stm32g4xx_hal_spi.o
LOAD ./Drivers/STM32G4xx_HAL_Driver/Src/stm32g4xx_hal_spi_ex.o
LOAD ./Drivers/STM32G4xx_HAL_Driver/Src/stm32g4xx_hal_tim.o
LOAD ./Drivers/STM32G4xx_HAL_Driver/Src/stm32g4xx_hal_tim_ex.o
LOAD ./Drivers/lis3dh-pid/lis3dh_reg.o
START GROUP
LOAD /Applications/STM32CubeIDE.app/Contents/Eclipse/plugins/com.st.stm32cube.ide.mcu.externaltools.gnu-tools-for-stm32.11.3.rel1.macos64_1.1.1.202309131626/tools/bin/../lib/gcc/arm-none-eabi/11.3.1/../../../../arm-none-eabi/lib/thumb/v7e-m+fp/hard/libc_nano.a
LOAD /Applications/STM32CubeIDE.app/Contents/Eclipse/plugins/com.st.stm32cube.ide.mcu.externaltools.gnu-tools-for-stm32.11.3.rel1.macos64_1.1.1.202309131626/tools/bin/../lib/gcc/arm-none-eabi/11.3.1/../../../../arm-none-eabi/lib/thumb/v7e-m+fp/hard/libm.a
END GROUP
START GROUP
LOAD /Applications/STM32CubeIDE.app/Contents/Eclipse/plugins/com.st.stm32cube.ide.mcu.externaltools.gnu-tools-for-stm32.11.3.rel1.macos64_1.1.1.202309131626/tools/bin/../lib/gcc/arm-none-eabi/11.3.1/thumb/v7e-m+fp/hard/libgcc.a
LOAD /Applications/STM32CubeIDE.app/Contents/Eclipse/plugins/com.st.stm32cube.ide.mcu.externaltools.gnu-tools-for-stm32.11.3.rel1.macos64_1.1.1.202309131626/tools/bin/../lib/gcc/arm-none-eabi/11.3.1/../../../../arm-none-eabi/lib/thumb/v7e-m+fp/hard/libc_nano.a
END GROUP
START GROUP
LOAD /Applications/STM32CubeIDE.app/Contents/Eclipse/plugins/com.st.stm32cube.ide.mcu.externaltools.gnu-tools-for-stm32.11.3.rel1.macos64_1.1.1.202309131626/tools/bin/../lib/gcc/arm-none-eabi/11.3.1/thumb/v7e-m+fp/hard/libgcc.a
LOAD /Applications/STM32CubeIDE.app/Contents/Eclipse/plugins/com.st.stm32cube.ide.mcu.externaltools.gnu-tools-for-stm32.11.3.rel1.macos64_1.1.1.202309131626/tools/bin/../lib/gcc/arm-none-eabi/11.3.1/../../../../arm-none-eabi/lib/thumb/v7e-m+fp/hard/libc_nano.a
LOAD /Applications/STM32CubeIDE.app/Contents/Eclipse/plugins/com.st.stm32cube.ide.mcu.externaltools.gnu-tools-for-stm32.11.3.rel1.macos64_1.1.1.202309131626/tools/bin/../lib/gcc/arm-none-eabi/11.3.1/../../../../arm-none-eabi/lib/thumb/v7e-m+fp/hard/libnosys.a
END GROUP
START GROUP
LOAD /Applications/STM32CubeIDE.app/Contents/Eclipse/plugins/com.st.stm32cube.ide.mcu.externaltools.gnu-tools-for-stm32.11.3.rel1.macos64_1.1.1.202309131626/tools/bin/../lib/gcc/arm-none-eabi/11.3.1/thumb/v7e-m+fp/hard/libgcc.a
LOAD /Applications/STM32CubeIDE.app/Contents/Eclipse/plugins/com.st.stm32cube.ide.mcu.externaltools.gnu-tools-for-stm32.11.3.rel1.macos64_1.1.1.202309131626/tools/bin/../lib/gcc/arm-none-eabi/11.3.1/../../../../arm-none-eabi/lib/thumb/v7e-m+fp/hard/libc_nano.a
LOAD /Applications/STM32CubeIDE.app/Contents/Eclipse/plugins/com.st.stm32cube.ide.mcu.externaltools.gnu-tools-for-stm32.11.3.rel1.macos64_1.1.1.202309131626/tools/bin/../lib/gcc/arm-none-eabi/11.3.1/../../../../arm-none-eabi/lib/thumb/v7e-m+fp/hard/libnosys.a
END GROUP
LOAD /Applications/STM32CubeIDE.app/Contents/Eclipse/plugins/com.st.stm32cube.ide.mcu.externaltools.gnu-tools-for-stm32.11.3.rel1.macos64_1.1.1.202309131626/tools/bin/../lib/gcc/arm-none-eabi/11.3.1/thumb/v7e-m+fp/hard/crtend.o
LOAD /Applications/STM32CubeIDE.app/Contents/Eclipse/plugins/com.st.stm32cube.ide.mcu.externaltools.gnu-tools-for-stm32.11.3.rel1.macos64_1.1.1.202309131626/tools/bin/../lib/gcc/arm-none-eabi/11.3.1/thumb/v7e-m+fp/hard/crtn.o
                0x0000000020008000                _estack = (ORIGIN (RAM) + LENGTH (RAM))
                0x0000000000000200                _Min_Heap_Size = 0x200
                0x0000000000000400                _Min_Stack_Size = 0x400

.isr_vector     0x0000000008000000      0x1d8
                0x0000000008000000                . = ALIGN (0x4)
 *(.isr_vector)
 .isr_vector    0x0000000008000000      0x1d8 ./Core/Startup/startup_stm32g431kbtx.o
                0x0000000008000000                g_pfnVectors
                0x00000000080001d8                . = ALIGN (0x4)

.text           0x00000000080001d8     0x4400
                0x00000000080001d8                . = ALIGN (0x4)
 *(.text)
 .text          0x00000000080001d8       0x40 /Applications/STM32CubeIDE.app/Contents/Eclipse/plugins/com.st.stm32cube.ide.mcu.externaltools.gnu-tools-for-stm32.11.3.rel1.macos64_1.1.1.202309131626/tools/bin/../lib/gcc/arm-none-eabi/11.3.1/thumb/v7e-m+fp/hard/crtbegin.o
 .text          0x0000000008000218      0x378 /Applications/STM32CubeIDE.app/Contents/Eclipse/plugins/com.st.stm32cube.ide.mcu.externaltools.gnu-tools-for-stm32.11.3.rel1.macos64_1.1.1.202309131626/tools/bin/../lib/gcc/arm-none-eabi/11.3.1/thumb/v7e-m+fp/hard/libgcc.a(_arm_addsubdf3.o)
                0x0000000008000218                __aeabi_drsub
                0x0000000008000220                __subdf3
                0x0000000008000220                __aeabi_dsub
                0x0000000008000224                __aeabi_dadd
                0x0000000008000224                __adddf3
                0x000000000800049c                __aeabi_ui2d
                0x000000000800049c                __floatunsidf
                0x00000000080004bc                __floatsidf
                0x00000000080004bc                __aeabi_i2d
                0x00000000080004e0                __extendsfdf2
                0x00000000080004e0                __aeabi_f2d
                0x0000000008000524                __aeabi_ul2d
                0x0000000008000524                __floatundidf
                0x0000000008000534                __aeabi_l2d
                0x0000000008000534                __floatdidf
 .text          0x0000000008000590      0x424 /Applications/STM32CubeIDE.app/Contents/Eclipse/plugins/com.st.stm32cube.ide.mcu.externaltools.gnu-tools-for-stm32.11.3.rel1.macos64_1.1.1.202309131626/tools/bin/../lib/gcc/arm-none-eabi/11.3.1/thumb/v7e-m+fp/hard/libgcc.a(_arm_muldivdf3.o)
                0x0000000008000590                __aeabi_dmul
                0x0000000008000590                __muldf3
                0x00000000080007e4                __aeabi_ddiv
                0x00000000080007e4                __divdf3
 .text          0x00000000080009b4      0x110 /Applications/STM32CubeIDE.app/Contents/Eclipse/plugins/com.st.stm32cube.ide.mcu.externaltools.gnu-tools-for-stm32.11.3.rel1.macos64_1.1.1.202309131626/tools/bin/../lib/gcc/arm-none-eabi/11.3.1/thumb/v7e-m+fp/hard/libgcc.a(_arm_cmpdf2.o)
                0x00000000080009b4                __gedf2
                0x00000000080009b4                __gtdf2
                0x00000000080009bc                __ledf2
                0x00000000080009bc                __ltdf2
                0x00000000080009c4                __cmpdf2
                0x00000000080009c4                __eqdf2
                0x00000000080009c4                __nedf2
                0x0000000008000a40                __aeabi_cdrcmple
                0x0000000008000a50                __aeabi_cdcmple
                0x0000000008000a50                __aeabi_cdcmpeq
                0x0000000008000a60                __aeabi_dcmpeq
                0x0000000008000a74                __aeabi_dcmplt
                0x0000000008000a88                __aeabi_dcmple
                0x0000000008000a9c                __aeabi_dcmpge
                0x0000000008000ab0                __aeabi_dcmpgt
 .text          0x0000000008000ac4       0x2c /Applications/STM32CubeIDE.app/Contents/Eclipse/plugins/com.st.stm32cube.ide.mcu.externaltools.gnu-tools-for-stm32.11.3.rel1.macos64_1.1.1.202309131626/tools/bin/../lib/gcc/arm-none-eabi/11.3.1/thumb/v7e-m+fp/hard/libgcc.a(_arm_unorddf2.o)
                0x0000000008000ac4                __aeabi_dcmpun
                0x0000000008000ac4                __unorddf2
 .text          0x0000000008000af0       0x50 /Applications/STM32CubeIDE.app/Contents/Eclipse/plugins/com.st.stm32cube.ide.mcu.externaltools.gnu-tools-for-stm32.11.3.rel1.macos64_1.1.1.202309131626/tools/bin/../lib/gcc/arm-none-eabi/11.3.1/thumb/v7e-m+fp/hard/libgcc.a(_arm_fixdfsi.o)
                0x0000000008000af0                __fixdfsi
                0x0000000008000af0                __aeabi_d2iz
 *(.text*)
 .text.LIS3DH_Config
                0x0000000008000b40       0x6c ./Core/Src/accelerometer.o
                0x0000000008000b40                LIS3DH_Config
 .text.Accelerometer_Init
                0x0000000008000bac       0x3e ./Core/Src/accelerometer.o
                0x0000000008000bac                Accelerometer_Init
 .text.read_accelerometer_data
                0x0000000008000bea       0x86 ./Core/Src/accelerometer.o
                0x0000000008000bea                read_accelerometer_data
 .text.SPIx_WriteRead
                0x0000000008000c70       0x2e ./Core/Src/accelerometer.o
                0x0000000008000c70                SPIx_WriteRead
 .text.acc_read
                0x0000000008000c9e       0x86 ./Core/Src/accelerometer.o
                0x0000000008000c9e                acc_read
 .text.acc_write
                0x0000000008000d24       0x72 ./Core/Src/accelerometer.o
                0x0000000008000d24                acc_write
 .text.platform_delay
                0x0000000008000d96       0x16 ./Core/Src/accelerometer.o
                0x0000000008000d96                platform_delay
 .text.calibrate_offset
                0x0000000008000dac       0xb4 ./Core/Src/accelerometer.o
                0x0000000008000dac                calibrate_offset
 .text.read_degree_difference
                0x0000000008000e60      0x1b4 ./Core/Src/accelerometer.o
                0x0000000008000e60                read_degree_difference
 .text.MX_DMA_Init
                0x0000000008001014       0x54 ./Core/Src/dma.o
                0x0000000008001014                MX_DMA_Init
 .text.MX_GPIO_Init
                0x0000000008001068       0x80 ./Core/Src/gpio.o
                0x0000000008001068                MX_GPIO_Init
 .text.main     0x00000000080010e8       0x64 ./Core/Src/main.o
                0x00000000080010e8                main
 .text.SystemClock_Config
                0x000000000800114c       0x96 ./Core/Src/main.o
                0x000000000800114c                SystemClock_Config
 .text.Error_Handler
                0x00000000080011e2        0xa ./Core/Src/main.o
                0x00000000080011e2                Error_Handler
 .text.get_position
                0x00000000080011ec       0x9c ./Core/Src/sixspeed.o
                0x00000000080011ec                get_position
 .text.get_gear_text
                0x0000000008001288       0x9c ./Core/Src/sixspeed.o
                0x0000000008001288                get_gear_text
 .text.sixspeed_process
                0x0000000008001324       0x54 ./Core/Src/sixspeed.o
                0x0000000008001324                sixspeed_process
 .text.MX_SPI1_Init
                0x0000000008001378       0x7c ./Core/Src/spi.o
                0x0000000008001378                MX_SPI1_Init
 .text.HAL_SPI_MspInit
                0x00000000080013f4      0x100 ./Core/Src/spi.o
                0x00000000080013f4                HAL_SPI_MspInit
 .text.HAL_MspInit
                0x00000000080014f4       0x48 ./Core/Src/stm32g4xx_hal_msp.o
                0x00000000080014f4                HAL_MspInit
 .text.NMI_Handler
                0x000000000800153c        0x6 ./Core/Src/stm32g4xx_it.o
                0x000000000800153c                NMI_Handler
 .text.HardFault_Handler
                0x0000000008001542        0x6 ./Core/Src/stm32g4xx_it.o
                0x0000000008001542                HardFault_Handler
 .text.MemManage_Handler
                0x0000000008001548        0x6 ./Core/Src/stm32g4xx_it.o
                0x0000000008001548                MemManage_Handler
 .text.BusFault_Handler
                0x000000000800154e        0x6 ./Core/Src/stm32g4xx_it.o
                0x000000000800154e                BusFault_Handler
 .text.UsageFault_Handler
                0x0000000008001554        0x6 ./Core/Src/stm32g4xx_it.o
                0x0000000008001554                UsageFault_Handler
 .text.SVC_Handler
                0x000000000800155a        0xe ./Core/Src/stm32g4xx_it.o
                0x000000000800155a                SVC_Handler
 .text.DebugMon_Handler
                0x0000000008001568        0xe ./Core/Src/stm32g4xx_it.o
                0x0000000008001568                DebugMon_Handler
 .text.PendSV_Handler
                0x0000000008001576        0xe ./Core/Src/stm32g4xx_it.o
                0x0000000008001576                PendSV_Handler
 .text.SysTick_Handler
                0x0000000008001584        0xc ./Core/Src/stm32g4xx_it.o
                0x0000000008001584                SysTick_Handler
 .text.DMA1_Channel1_IRQHandler
                0x0000000008001590       0x14 ./Core/Src/stm32g4xx_it.o
                0x0000000008001590                DMA1_Channel1_IRQHandler
 .text.SystemInit
                0x00000000080015a4       0x24 ./Core/Src/system_stm32g4xx.o
                0x00000000080015a4                SystemInit
 .text.Reset_Handler
                0x00000000080015c8       0x50 ./Core/Startup/startup_stm32g431kbtx.o
                0x00000000080015c8                Reset_Handler
 .text.Default_Handler
                0x0000000008001618        0x2 ./Core/Startup/startup_stm32g431kbtx.o
                0x0000000008001618                TIM1_BRK_TIM15_IRQHandler
                0x0000000008001618                EXTI2_IRQHandler
                0x0000000008001618                TIM8_TRG_COM_IRQHandler
                0x0000000008001618                TIM8_CC_IRQHandler
                0x0000000008001618                TIM1_CC_IRQHandler
                0x0000000008001618                USB_HP_IRQHandler
                0x0000000008001618                CORDIC_IRQHandler
                0x0000000008001618                EXTI3_IRQHandler
                0x0000000008001618                I2C3_ER_IRQHandler
                0x0000000008001618                EXTI0_IRQHandler
                0x0000000008001618                I2C2_EV_IRQHandler
                0x0000000008001618                FPU_IRQHandler
                0x0000000008001618                FDCAN1_IT1_IRQHandler
                0x0000000008001618                TIM1_UP_TIM16_IRQHandler
                0x0000000008001618                ADC1_2_IRQHandler
                0x0000000008001618                SPI1_IRQHandler
                0x0000000008001618                TIM6_DAC_IRQHandler
                0x0000000008001618                TIM8_UP_IRQHandler
                0x0000000008001618                DMA2_Channel2_IRQHandler
                0x0000000008001618                DMA1_Channel4_IRQHandler
                0x0000000008001618                USART3_IRQHandler
                0x0000000008001618                TIM4_IRQHandler
                0x0000000008001618                DMA2_Channel1_IRQHandler
                0x0000000008001618                I2C1_EV_IRQHandler
                0x0000000008001618                DMA1_Channel6_IRQHandler
                0x0000000008001618                UART4_IRQHandler
                0x0000000008001618                DMA2_Channel4_IRQHandler
                0x0000000008001618                TIM3_IRQHandler
                0x0000000008001618                RCC_IRQHandler
                0x0000000008001618                Default_Handler
                0x0000000008001618                RTC_TAMP_LSECSS_IRQHandler
                0x0000000008001618                FMAC_IRQHandler
                0x0000000008001618                EXTI15_10_IRQHandler
                0x0000000008001618                TIM7_IRQHandler
                0x0000000008001618                UCPD1_IRQHandler
                0x0000000008001618                I2C3_EV_IRQHandler
                0x0000000008001618                EXTI9_5_IRQHandler
                0x0000000008001618                RTC_WKUP_IRQHandler
                0x0000000008001618                PVD_PVM_IRQHandler
                0x0000000008001618                SPI2_IRQHandler
                0x0000000008001618                DMA2_Channel5_IRQHandler
                0x0000000008001618                CRS_IRQHandler
                0x0000000008001618                DMA1_Channel5_IRQHandler
                0x0000000008001618                USB_LP_IRQHandler
                0x0000000008001618                EXTI4_IRQHandler
                0x0000000008001618                RNG_IRQHandler
                0x0000000008001618                TIM1_TRG_COM_TIM17_IRQHandler
                0x0000000008001618                DMA1_Channel3_IRQHandler
                0x0000000008001618                WWDG_IRQHandler
                0x0000000008001618                LPUART1_IRQHandler
                0x0000000008001618                DMA2_Channel6_IRQHandler
                0x0000000008001618                FDCAN1_IT0_IRQHandler
                0x0000000008001618                TIM2_IRQHandler
                0x0000000008001618                COMP1_2_3_IRQHandler
                0x0000000008001618                EXTI1_IRQHandler
                0x0000000008001618                USART2_IRQHandler
                0x0000000008001618                I2C2_ER_IRQHandler
                0x0000000008001618                DMA1_Channel2_IRQHandler
                0x0000000008001618                TIM8_BRK_IRQHandler
                0x0000000008001618                FLASH_IRQHandler
                0x0000000008001618                USART1_IRQHandler
                0x0000000008001618                SPI3_IRQHandler
                0x0000000008001618                I2C1_ER_IRQHandler
                0x0000000008001618                LPTIM1_IRQHandler
                0x0000000008001618                DMAMUX_OVR_IRQHandler
                0x0000000008001618                USBWakeUp_IRQHandler
                0x0000000008001618                SAI1_IRQHandler
                0x0000000008001618                DMA2_Channel3_IRQHandler
                0x0000000008001618                COMP4_IRQHandler
                0x0000000008001618                RTC_Alarm_IRQHandler
 *fill*         0x000000000800161a        0x2 
 .text.ST7789_WriteCommand
                0x000000000800161c       0x4c ./Drivers/ST7789-STM32/ST7789/st7789.o
 .text.ST7789_WriteData
                0x0000000008001668       0x74 ./Drivers/ST7789-STM32/ST7789/st7789.o
 .text.ST7789_WriteSmallData
                0x00000000080016dc       0x4c ./Drivers/ST7789-STM32/ST7789/st7789.o
 .text.ST7789_SetRotation
                0x0000000008001728       0x58 ./Drivers/ST7789-STM32/ST7789/st7789.o
                0x0000000008001728                ST7789_SetRotation
 .text.ST7789_SetAddressWindow
                0x0000000008001780       0xbc ./Drivers/ST7789-STM32/ST7789/st7789.o
 .text.ST7789_Init
                0x000000000800183c      0x13c ./Drivers/ST7789-STM32/ST7789/st7789.o
                0x000000000800183c                ST7789_Init
 .text.ST7789_Fill_Color
                0x0000000008001978       0x7e ./Drivers/ST7789-STM32/ST7789/st7789.o
                0x0000000008001978                ST7789_Fill_Color
 .text.ST7789_WriteScaledChar
                0x00000000080019f6      0x162 ./Drivers/ST7789-STM32/ST7789/st7789.o
                0x00000000080019f6                ST7789_WriteScaledChar
 .text.HAL_Init
                0x0000000008001b58       0x30 ./Drivers/STM32G4xx_HAL_Driver/Src/stm32g4xx_hal.o
                0x0000000008001b58                HAL_Init
 .text.HAL_InitTick
                0x0000000008001b88       0x74 ./Drivers/STM32G4xx_HAL_Driver/Src/stm32g4xx_hal.o
                0x0000000008001b88                HAL_InitTick
 .text.HAL_IncTick
                0x0000000008001bfc       0x24 ./Drivers/STM32G4xx_HAL_Driver/Src/stm32g4xx_hal.o
                0x0000000008001bfc                HAL_IncTick
 .text.HAL_GetTick
                0x0000000008001c20       0x18 ./Drivers/STM32G4xx_HAL_Driver/Src/stm32g4xx_hal.o
                0x0000000008001c20                HAL_GetTick
 .text.HAL_Delay
                0x0000000008001c38       0x44 ./Drivers/STM32G4xx_HAL_Driver/Src/stm32g4xx_hal.o
                0x0000000008001c38                HAL_Delay
 .text.__NVIC_SetPriorityGrouping
                0x0000000008001c7c       0x48 ./Drivers/STM32G4xx_HAL_Driver/Src/stm32g4xx_hal_cortex.o
 .text.__NVIC_GetPriorityGrouping
                0x0000000008001cc4       0x1c ./Drivers/STM32G4xx_HAL_Driver/Src/stm32g4xx_hal_cortex.o
 .text.__NVIC_EnableIRQ
                0x0000000008001ce0       0x3c ./Drivers/STM32G4xx_HAL_Driver/Src/stm32g4xx_hal_cortex.o
 .text.__NVIC_SetPriority
                0x0000000008001d1c       0x54 ./Drivers/STM32G4xx_HAL_Driver/Src/stm32g4xx_hal_cortex.o
 .text.NVIC_EncodePriority
                0x0000000008001d70       0x66 ./Drivers/STM32G4xx_HAL_Driver/Src/stm32g4xx_hal_cortex.o
 *fill*         0x0000000008001dd6        0x2 
 .text.SysTick_Config
                0x0000000008001dd8       0x44 ./Drivers/STM32G4xx_HAL_Driver/Src/stm32g4xx_hal_cortex.o
 .text.HAL_NVIC_SetPriorityGrouping
                0x0000000008001e1c       0x16 ./Drivers/STM32G4xx_HAL_Driver/Src/stm32g4xx_hal_cortex.o
                0x0000000008001e1c                HAL_NVIC_SetPriorityGrouping
 .text.HAL_NVIC_SetPriority
                0x0000000008001e32       0x34 ./Drivers/STM32G4xx_HAL_Driver/Src/stm32g4xx_hal_cortex.o
                0x0000000008001e32                HAL_NVIC_SetPriority
 .text.HAL_NVIC_EnableIRQ
                0x0000000008001e66       0x1c ./Drivers/STM32G4xx_HAL_Driver/Src/stm32g4xx_hal_cortex.o
                0x0000000008001e66                HAL_NVIC_EnableIRQ
 .text.HAL_SYSTICK_Config
                0x0000000008001e82       0x18 ./Drivers/STM32G4xx_HAL_Driver/Src/stm32g4xx_hal_cortex.o
                0x0000000008001e82                HAL_SYSTICK_Config
 *fill*         0x0000000008001e9a        0x2 
 .text.HAL_DMA_Init
                0x0000000008001e9c      0x150 ./Drivers/STM32G4xx_HAL_Driver/Src/stm32g4xx_hal_dma.o
                0x0000000008001e9c                HAL_DMA_Init
 .text.HAL_DMA_IRQHandler
                0x0000000008001fec      0x15e ./Drivers/STM32G4xx_HAL_Driver/Src/stm32g4xx_hal_dma.o
                0x0000000008001fec                HAL_DMA_IRQHandler
 *fill*         0x000000000800214a        0x2 
 .text.DMA_CalcDMAMUXChannelBaseAndMask
                0x000000000800214c       0x7c ./Drivers/STM32G4xx_HAL_Driver/Src/stm32g4xx_hal_dma.o
 .text.DMA_CalcDMAMUXRequestGenBaseAndMask
                0x00000000080021c8       0x48 ./Drivers/STM32G4xx_HAL_Driver/Src/stm32g4xx_hal_dma.o
 .text.HAL_GPIO_Init
                0x0000000008002210      0x304 ./Drivers/STM32G4xx_HAL_Driver/Src/stm32g4xx_hal_gpio.o
                0x0000000008002210                HAL_GPIO_Init
 .text.HAL_GPIO_WritePin
                0x0000000008002514       0x30 ./Drivers/STM32G4xx_HAL_Driver/Src/stm32g4xx_hal_gpio.o
                0x0000000008002514                HAL_GPIO_WritePin
 .text.HAL_PWREx_ControlVoltageScaling
                0x0000000008002544      0x148 ./Drivers/STM32G4xx_HAL_Driver/Src/stm32g4xx_hal_pwr_ex.o
                0x0000000008002544                HAL_PWREx_ControlVoltageScaling
 .text.HAL_PWREx_DisableUCPDDeadBattery
                0x000000000800268c       0x20 ./Drivers/STM32G4xx_HAL_Driver/Src/stm32g4xx_hal_pwr_ex.o
                0x000000000800268c                HAL_PWREx_DisableUCPDDeadBattery
 .text.HAL_RCC_OscConfig
                0x00000000080026ac      0x624 ./Drivers/STM32G4xx_HAL_Driver/Src/stm32g4xx_hal_rcc.o
                0x00000000080026ac                HAL_RCC_OscConfig
 .text.HAL_RCC_ClockConfig
                0x0000000008002cd0      0x278 ./Drivers/STM32G4xx_HAL_Driver/Src/stm32g4xx_hal_rcc.o
                0x0000000008002cd0                HAL_RCC_ClockConfig
 .text.HAL_RCC_GetSysClockFreq
                0x0000000008002f48       0xc4 ./Drivers/STM32G4xx_HAL_Driver/Src/stm32g4xx_hal_rcc.o
                0x0000000008002f48                HAL_RCC_GetSysClockFreq
 .text.RCC_GetSysClockFreqFromPLLSource
                0x000000000800300c       0x8c ./Drivers/STM32G4xx_HAL_Driver/Src/stm32g4xx_hal_rcc.o
 .text.HAL_SPI_Init
                0x0000000008003098      0x156 ./Drivers/STM32G4xx_HAL_Driver/Src/stm32g4xx_hal_spi.o
                0x0000000008003098                HAL_SPI_Init
 .text.HAL_SPI_Transmit
                0x00000000080031ee      0x2ea ./Drivers/STM32G4xx_HAL_Driver/Src/stm32g4xx_hal_spi.o
                0x00000000080031ee                HAL_SPI_Transmit
 .text.HAL_SPI_TransmitReceive
                0x00000000080034d8      0x444 ./Drivers/STM32G4xx_HAL_Driver/Src/stm32g4xx_hal_spi.o
                0x00000000080034d8                HAL_SPI_TransmitReceive
 .text.SPI_WaitFlagStateUntilTimeout
                0x000000000800391c      0x110 ./Drivers/STM32G4xx_HAL_Driver/Src/stm32g4xx_hal_spi.o
 .text.SPI_WaitFifoStateUntilTimeout
                0x0000000008003a2c      0x12c ./Drivers/STM32G4xx_HAL_Driver/Src/stm32g4xx_hal_spi.o
 .text.SPI_EndRxTxTransaction
                0x0000000008003b58       0x8c ./Drivers/STM32G4xx_HAL_Driver/Src/stm32g4xx_hal_spi.o
 .text.lis3dh_read_reg
                0x0000000008003be4       0x44 ./Drivers/lis3dh-pid/lis3dh_reg.o
                0x0000000008003be4                lis3dh_read_reg
 .text.lis3dh_write_reg
                0x0000000008003c28       0x44 ./Drivers/lis3dh-pid/lis3dh_reg.o
                0x0000000008003c28                lis3dh_write_reg
 .text.lis3dh_from_fs2_hr_to_mg
                0x0000000008003c6c       0x30 ./Drivers/lis3dh-pid/lis3dh_reg.o
                0x0000000008003c6c                lis3dh_from_fs2_hr_to_mg
 .text.lis3dh_operating_mode_set
                0x0000000008003c9c       0xaa ./Drivers/lis3dh-pid/lis3dh_reg.o
                0x0000000008003c9c                lis3dh_operating_mode_set
 .text.lis3dh_data_rate_set
                0x0000000008003d46       0x4c ./Drivers/lis3dh-pid/lis3dh_reg.o
                0x0000000008003d46                lis3dh_data_rate_set
 .text.lis3dh_full_scale_set
                0x0000000008003d92       0x4c ./Drivers/lis3dh-pid/lis3dh_reg.o
                0x0000000008003d92                lis3dh_full_scale_set
 .text.lis3dh_block_data_update_set
                0x0000000008003dde       0x4c ./Drivers/lis3dh-pid/lis3dh_reg.o
                0x0000000008003dde                lis3dh_block_data_update_set
 .text.lis3dh_xl_data_ready_get
                0x0000000008003e2a       0x32 ./Drivers/lis3dh-pid/lis3dh_reg.o
                0x0000000008003e2a                lis3dh_xl_data_ready_get
 .text.lis3dh_acceleration_raw_get
                0x0000000008003e5c       0x96 ./Drivers/lis3dh-pid/lis3dh_reg.o
                0x0000000008003e5c                lis3dh_acceleration_raw_get
 .text.memset   0x0000000008003ef2       0x10 /Applications/STM32CubeIDE.app/Contents/Eclipse/plugins/com.st.stm32cube.ide.mcu.externaltools.gnu-tools-for-stm32.11.3.rel1.macos64_1.1.1.202309131626/tools/bin/../lib/gcc/arm-none-eabi/11.3.1/../../../../arm-none-eabi/lib/thumb/v7e-m+fp/hard/libc_nano.a(libc_a-memset.o)
                0x0000000008003ef2                memset
 *fill*         0x0000000008003f02        0x2 
 .text.__errno  0x0000000008003f04        0xc /Applications/STM32CubeIDE.app/Contents/Eclipse/plugins/com.st.stm32cube.ide.mcu.externaltools.gnu-tools-for-stm32.11.3.rel1.macos64_1.1.1.202309131626/tools/bin/../lib/gcc/arm-none-eabi/11.3.1/../../../../arm-none-eabi/lib/thumb/v7e-m+fp/hard/libc_nano.a(libc_a-errno.o)
                0x0000000008003f04                __errno
 .text.__libc_init_array
                0x0000000008003f10       0x48 /Applications/STM32CubeIDE.app/Contents/Eclipse/plugins/com.st.stm32cube.ide.mcu.externaltools.gnu-tools-for-stm32.11.3.rel1.macos64_1.1.1.202309131626/tools/bin/../lib/gcc/arm-none-eabi/11.3.1/../../../../arm-none-eabi/lib/thumb/v7e-m+fp/hard/libc_nano.a(libc_a-init.o)
                0x0000000008003f10                __libc_init_array
 .text.asin     0x0000000008003f58       0x68 /Applications/STM32CubeIDE.app/Contents/Eclipse/plugins/com.st.stm32cube.ide.mcu.externaltools.gnu-tools-for-stm32.11.3.rel1.macos64_1.1.1.202309131626/tools/bin/../lib/gcc/arm-none-eabi/11.3.1/../../../../arm-none-eabi/lib/thumb/v7e-m+fp/hard/libm.a(libm_a-w_asin.o)
                0x0000000008003f58                asin
 .text.__ieee754_asin
                0x0000000008003fc0      0x428 /Applications/STM32CubeIDE.app/Contents/Eclipse/plugins/com.st.stm32cube.ide.mcu.externaltools.gnu-tools-for-stm32.11.3.rel1.macos64_1.1.1.202309131626/tools/bin/../lib/gcc/arm-none-eabi/11.3.1/../../../../arm-none-eabi/lib/thumb/v7e-m+fp/hard/libm.a(libm_a-e_asin.o)
                0x0000000008003fc0                __ieee754_asin
 .text.fabs     0x00000000080043e8       0x12 /Applications/STM32CubeIDE.app/Contents/Eclipse/plugins/com.st.stm32cube.ide.mcu.externaltools.gnu-tools-for-stm32.11.3.rel1.macos64_1.1.1.202309131626/tools/bin/../lib/gcc/arm-none-eabi/11.3.1/../../../../arm-none-eabi/lib/thumb/v7e-m+fp/hard/libm.a(libm_a-s_fabs.o)
                0x00000000080043e8                fabs
 *fill*         0x00000000080043fa        0x2 
 .text.__ieee754_sqrt
                0x00000000080043fc      0x1b4 /Applications/STM32CubeIDE.app/Contents/Eclipse/plugins/com.st.stm32cube.ide.mcu.externaltools.gnu-tools-for-stm32.11.3.rel1.macos64_1.1.1.202309131626/tools/bin/../lib/gcc/arm-none-eabi/11.3.1/../../../../arm-none-eabi/lib/thumb/v7e-m+fp/hard/libm.a(libm_a-e_sqrt.o)
                0x00000000080043fc                __ieee754_sqrt
 .text.nan      0x00000000080045b0       0x10 /Applications/STM32CubeIDE.app/Contents/Eclipse/plugins/com.st.stm32cube.ide.mcu.externaltools.gnu-tools-for-stm32.11.3.rel1.macos64_1.1.1.202309131626/tools/bin/../lib/gcc/arm-none-eabi/11.3.1/../../../../arm-none-eabi/lib/thumb/v7e-m+fp/hard/libm.a(libm_a-s_nan.o)
                0x00000000080045b0                nan
 *(.glue_7)
 .glue_7        0x00000000080045c0        0x0 linker stubs
 *(.glue_7t)
 .glue_7t       0x00000000080045c0        0x0 linker stubs
 *(.eh_frame)
 .eh_frame      0x00000000080045c0        0x0 /Applications/STM32CubeIDE.app/Contents/Eclipse/plugins/com.st.stm32cube.ide.mcu.externaltools.gnu-tools-for-stm32.11.3.rel1.macos64_1.1.1.202309131626/tools/bin/../lib/gcc/arm-none-eabi/11.3.1/thumb/v7e-m+fp/hard/crtbegin.o
 *(.init)
 .init          0x00000000080045c0        0x4 /Applications/STM32CubeIDE.app/Contents/Eclipse/plugins/com.st.stm32cube.ide.mcu.externaltools.gnu-tools-for-stm32.11.3.rel1.macos64_1.1.1.202309131626/tools/bin/../lib/gcc/arm-none-eabi/11.3.1/thumb/v7e-m+fp/hard/crti.o
                0x00000000080045c0                _init
 .init          0x00000000080045c4        0x8 /Applications/STM32CubeIDE.app/Contents/Eclipse/plugins/com.st.stm32cube.ide.mcu.externaltools.gnu-tools-for-stm32.11.3.rel1.macos64_1.1.1.202309131626/tools/bin/../lib/gcc/arm-none-eabi/11.3.1/thumb/v7e-m+fp/hard/crtn.o
 *(.fini)
 .fini          0x00000000080045cc        0x4 /Applications/STM32CubeIDE.app/Contents/Eclipse/plugins/com.st.stm32cube.ide.mcu.externaltools.gnu-tools-for-stm32.11.3.rel1.macos64_1.1.1.202309131626/tools/bin/../lib/gcc/arm-none-eabi/11.3.1/thumb/v7e-m+fp/hard/crti.o
                0x00000000080045cc                _fini
 .fini          0x00000000080045d0        0x8 /Applications/STM32CubeIDE.app/Contents/Eclipse/plugins/com.st.stm32cube.ide.mcu.externaltools.gnu-tools-for-stm32.11.3.rel1.macos64_1.1.1.202309131626/tools/bin/../lib/gcc/arm-none-eabi/11.3.1/thumb/v7e-m+fp/hard/crtn.o
                0x00000000080045d8                . = ALIGN (0x4)
                0x00000000080045d8                _etext = .

.vfp11_veneer   0x00000000080045d8        0x0
 .vfp11_veneer  0x00000000080045d8        0x0 linker stubs

.v4_bx          0x00000000080045d8        0x0
 .v4_bx         0x00000000080045d8        0x0 linker stubs

.iplt           0x00000000080045d8        0x0
 .iplt          0x00000000080045d8        0x0 /Applications/STM32CubeIDE.app/Contents/Eclipse/plugins/com.st.stm32cube.ide.mcu.externaltools.gnu-tools-for-stm32.11.3.rel1.macos64_1.1.1.202309131626/tools/bin/../lib/gcc/arm-none-eabi/11.3.1/thumb/v7e-m+fp/hard/crtbegin.o

.rodata         0x00000000080045d8     0x141c
                0x00000000080045d8                . = ALIGN (0x4)
 *(.rodata)
 .rodata        0x00000000080045d8       0x22 ./Core/Src/sixspeed.o
 *fill*         0x00000000080045fa        0x2 
 .rodata        0x00000000080045fc       0x97 ./Drivers/ST7789-STM32/ST7789/st7789.o
 *(.rodata*)
 *fill*         0x0000000008004693        0x1 
 .rodata.AHBPrescTable
                0x0000000008004694       0x10 ./Core/Src/system_stm32g4xx.o
                0x0000000008004694                AHBPrescTable
 .rodata.Font16x26
                0x00000000080046a4     0x134c ./Drivers/ST7789-STM32/ST7789/fonts.o
 .rodata.asin.str1.1
                0x00000000080059f0        0x1 /Applications/STM32CubeIDE.app/Contents/Eclipse/plugins/com.st.stm32cube.ide.mcu.externaltools.gnu-tools-for-stm32.11.3.rel1.macos64_1.1.1.202309131626/tools/bin/../lib/gcc/arm-none-eabi/11.3.1/../../../../arm-none-eabi/lib/thumb/v7e-m+fp/hard/libm.a(libm_a-w_asin.o)
                0x00000000080059f4                . = ALIGN (0x4)
 *fill*         0x00000000080059f1        0x3 

.rel.dyn        0x00000000080059f4        0x0
 .rel.iplt      0x00000000080059f4        0x0 /Applications/STM32CubeIDE.app/Contents/Eclipse/plugins/com.st.stm32cube.ide.mcu.externaltools.gnu-tools-for-stm32.11.3.rel1.macos64_1.1.1.202309131626/tools/bin/../lib/gcc/arm-none-eabi/11.3.1/thumb/v7e-m+fp/hard/crtbegin.o

.ARM.extab      0x00000000080059f4        0x0
                0x00000000080059f4                . = ALIGN (0x4)
 *(.ARM.extab* .gnu.linkonce.armextab.*)
                0x00000000080059f4                . = ALIGN (0x4)

.ARM            0x00000000080059f4        0x0
                0x00000000080059f4                . = ALIGN (0x4)
                0x00000000080059f4                __exidx_start = .
 *(.ARM.exidx*)
                0x00000000080059f4                __exidx_end = .
                0x00000000080059f4                . = ALIGN (0x4)

.preinit_array  0x00000000080059f4        0x0
                0x00000000080059f4                . = ALIGN (0x4)
                0x00000000080059f4                PROVIDE (__preinit_array_start = .)
 *(.preinit_array*)
                0x00000000080059f4                PROVIDE (__preinit_array_end = .)
                0x00000000080059f4                . = ALIGN (0x4)

.init_array     0x00000000080059f4        0x4
                0x00000000080059f4                . = ALIGN (0x4)
                0x00000000080059f4                PROVIDE (__init_array_start = .)
 *(SORT_BY_NAME(.init_array.*))
 *(.init_array*)
 .init_array    0x00000000080059f4        0x4 /Applications/STM32CubeIDE.app/Contents/Eclipse/plugins/com.st.stm32cube.ide.mcu.externaltools.gnu-tools-for-stm32.11.3.rel1.macos64_1.1.1.202309131626/tools/bin/../lib/gcc/arm-none-eabi/11.3.1/thumb/v7e-m+fp/hard/crtbegin.o
                0x00000000080059f8                PROVIDE (__init_array_end = .)
                0x00000000080059f8                . = ALIGN (0x4)

.fini_array     0x00000000080059f8        0x4
                0x00000000080059f8                . = ALIGN (0x4)
                [!provide]                        PROVIDE (__fini_array_start = .)
 *(SORT_BY_NAME(.fini_array.*))
 *(.fini_array*)
 .fini_array    0x00000000080059f8        0x4 /Applications/STM32CubeIDE.app/Contents/Eclipse/plugins/com.st.stm32cube.ide.mcu.externaltools.gnu-tools-for-stm32.11.3.rel1.macos64_1.1.1.202309131626/tools/bin/../lib/gcc/arm-none-eabi/11.3.1/thumb/v7e-m+fp/hard/crtbegin.o
                [!provide]                        PROVIDE (__fini_array_end = .)
                0x00000000080059fc                . = ALIGN (0x4)
                0x00000000080059fc                _sidata = LOADADDR (.data)

.data           0x0000000020000000       0xa8 load address 0x00000000080059fc
                0x0000000020000000                . = ALIGN (0x4)
                0x0000000020000000                _sdata = .
 *(.data)
 *(.data*)
 .data.undefined_gear
                0x0000000020000000        0x4 ./Core/Src/sixspeed.o
                0x0000000020000000                undefined_gear
 .data.neutral  0x0000000020000004        0x4 ./Core/Src/sixspeed.o
                0x0000000020000004                neutral
 .data.first    0x0000000020000008        0x4 ./Core/Src/sixspeed.o
                0x0000000020000008                first
 .data.second   0x000000002000000c        0x4 ./Core/Src/sixspeed.o
                0x000000002000000c                second
 .data.third    0x0000000020000010        0x4 ./Core/Src/sixspeed.o
                0x0000000020000010                third
 .data.fourth   0x0000000020000014        0x4 ./Core/Src/sixspeed.o
                0x0000000020000014                fourth
 .data.fifth    0x0000000020000018        0x4 ./Core/Src/sixspeed.o
                0x0000000020000018                fifth
 .data.sixth    0x000000002000001c        0x4 ./Core/Src/sixspeed.o
                0x000000002000001c                sixth
 .data.reverse  0x0000000020000020        0x4 ./Core/Src/sixspeed.o
                0x0000000020000020                reverse
 .data.shift_grid
                0x0000000020000024        0xc ./Core/Src/sixspeed.o
                0x0000000020000024                shift_grid
 .data.SystemCoreClock
                0x0000000020000030        0x4 ./Core/Src/system_stm32g4xx.o
                0x0000000020000030                SystemCoreClock
 .data.Font_16x26
                0x0000000020000034        0x8 ./Drivers/ST7789-STM32/ST7789/fonts.o
                0x0000000020000034                Font_16x26
 .data.uwTickPrio
                0x000000002000003c        0x4 ./Drivers/STM32G4xx_HAL_Driver/Src/stm32g4xx_hal.o
                0x000000002000003c                uwTickPrio
 .data.uwTickFreq
                0x0000000020000040        0x4 ./Drivers/STM32G4xx_HAL_Driver/Src/stm32g4xx_hal.o
                0x0000000020000040                uwTickFreq
 .data._impure_data
                0x0000000020000044       0x4c /Applications/STM32CubeIDE.app/Contents/Eclipse/plugins/com.st.stm32cube.ide.mcu.externaltools.gnu-tools-for-stm32.11.3.rel1.macos64_1.1.1.202309131626/tools/bin/../lib/gcc/arm-none-eabi/11.3.1/../../../../arm-none-eabi/lib/thumb/v7e-m+fp/hard/libc_nano.a(libc_a-impure.o)
                0x0000000020000044                _impure_data
 .data._impure_ptr
                0x0000000020000090        0x4 /Applications/STM32CubeIDE.app/Contents/Eclipse/plugins/com.st.stm32cube.ide.mcu.externaltools.gnu-tools-for-stm32.11.3.rel1.macos64_1.1.1.202309131626/tools/bin/../lib/gcc/arm-none-eabi/11.3.1/../../../../arm-none-eabi/lib/thumb/v7e-m+fp/hard/libc_nano.a(libc_a-impure.o)
                0x0000000020000090                _impure_ptr
 *fill*         0x0000000020000094        0x4 
 .data.one      0x0000000020000098        0x8 /Applications/STM32CubeIDE.app/Contents/Eclipse/plugins/com.st.stm32cube.ide.mcu.externaltools.gnu-tools-for-stm32.11.3.rel1.macos64_1.1.1.202309131626/tools/bin/../lib/gcc/arm-none-eabi/11.3.1/../../../../arm-none-eabi/lib/thumb/v7e-m+fp/hard/libm.a(libm_a-e_sqrt.o)
 .data.tiny     0x00000000200000a0        0x8 /Applications/STM32CubeIDE.app/Contents/Eclipse/plugins/com.st.stm32cube.ide.mcu.externaltools.gnu-tools-for-stm32.11.3.rel1.macos64_1.1.1.202309131626/tools/bin/../lib/gcc/arm-none-eabi/11.3.1/../../../../arm-none-eabi/lib/thumb/v7e-m+fp/hard/libm.a(libm_a-e_sqrt.o)
 *(.RamFunc)
 *(.RamFunc*)
                0x00000000200000a8                . = ALIGN (0x4)
                0x00000000200000a8                _edata = .

.igot.plt       0x00000000200000a8        0x0 load address 0x0000000008005aa4
 .igot.plt      0x00000000200000a8        0x0 /Applications/STM32CubeIDE.app/Contents/Eclipse/plugins/com.st.stm32cube.ide.mcu.externaltools.gnu-tools-for-stm32.11.3.rel1.macos64_1.1.1.202309131626/tools/bin/../lib/gcc/arm-none-eabi/11.3.1/thumb/v7e-m+fp/hard/crtbegin.o
                0x00000000200000a8                . = ALIGN (0x4)

.bss            0x00000000200000a8      0x21c load address 0x0000000008005aa4
                0x00000000200000a8                _sbss = .
                0x00000000200000a8                __bss_start__ = _sbss
 *(.bss)
 .bss           0x00000000200000a8       0x1c /Applications/STM32CubeIDE.app/Contents/Eclipse/plugins/com.st.stm32cube.ide.mcu.externaltools.gnu-tools-for-stm32.11.3.rel1.macos64_1.1.1.202309131626/tools/bin/../lib/gcc/arm-none-eabi/11.3.1/thumb/v7e-m+fp/hard/crtbegin.o
 *(.bss*)
 .bss.hspi1     0x00000000200000c4       0x64 ./Core/Src/spi.o
                0x00000000200000c4                hspi1
 .bss.hdma_spi1_tx
                0x0000000020000128       0x60 ./Core/Src/spi.o
                0x0000000020000128                hdma_spi1_tx
 .bss.uwTick    0x0000000020000188        0x4 ./Drivers/STM32G4xx_HAL_Driver/Src/stm32g4xx_hal.o
                0x0000000020000188                uwTick
 .bss.__sf      0x000000002000018c      0x138 /Applications/STM32CubeIDE.app/Contents/Eclipse/plugins/com.st.stm32cube.ide.mcu.externaltools.gnu-tools-for-stm32.11.3.rel1.macos64_1.1.1.202309131626/tools/bin/../lib/gcc/arm-none-eabi/11.3.1/../../../../arm-none-eabi/lib/thumb/v7e-m+fp/hard/libc_nano.a(libc_a-findfp.o)
                0x000000002000018c                __sf
 *(COMMON)
                0x00000000200002c4                . = ALIGN (0x4)
                0x00000000200002c4                _ebss = .
                0x00000000200002c4                __bss_end__ = _ebss

._user_heap_stack
                0x00000000200002c4      0x604 load address 0x0000000008005aa4
                0x00000000200002c8                . = ALIGN (0x8)
 *fill*         0x00000000200002c4        0x4 
                [!provide]                        PROVIDE (end = .)
                0x00000000200002c8                PROVIDE (_end = .)
                0x00000000200004c8                . = (. + _Min_Heap_Size)
 *fill*         0x00000000200002c8      0x200 
                0x00000000200008c8                . = (. + _Min_Stack_Size)
 *fill*         0x00000000200004c8      0x400 
                0x00000000200008c8                . = ALIGN (0x8)

/DISCARD/
 libc.a(*)
 libm.a(*)
 libgcc.a(*)

.ARM.attributes
                0x0000000000000000       0x30
 *(.ARM.attributes)
 .ARM.attributes
                0x0000000000000000       0x1e /Applications/STM32CubeIDE.app/Contents/Eclipse/plugins/com.st.stm32cube.ide.mcu.externaltools.gnu-tools-for-stm32.11.3.rel1.macos64_1.1.1.202309131626/tools/bin/../lib/gcc/arm-none-eabi/11.3.1/thumb/v7e-m+fp/hard/crti.o
 .ARM.attributes
                0x000000000000001e       0x34 /Applications/STM32CubeIDE.app/Contents/Eclipse/plugins/com.st.stm32cube.ide.mcu.externaltools.gnu-tools-for-stm32.11.3.rel1.macos64_1.1.1.202309131626/tools/bin/../lib/gcc/arm-none-eabi/11.3.1/thumb/v7e-m+fp/hard/crtbegin.o
 .ARM.attributes
                0x0000000000000052       0x34 ./Core/Src/accelerometer.o
 .ARM.attributes
                0x0000000000000086       0x34 ./Core/Src/dma.o
 .ARM.attributes
                0x00000000000000ba       0x34 ./Core/Src/gpio.o
 .ARM.attributes
                0x00000000000000ee       0x34 ./Core/Src/main.o
 .ARM.attributes
                0x0000000000000122       0x34 ./Core/Src/sixspeed.o
 .ARM.attributes
                0x0000000000000156       0x34 ./Core/Src/spi.o
 .ARM.attributes
                0x000000000000018a       0x34 ./Core/Src/stm32g4xx_hal_msp.o
 .ARM.attributes
                0x00000000000001be       0x34 ./Core/Src/stm32g4xx_it.o
 .ARM.attributes
                0x00000000000001f2       0x34 ./Core/Src/system_stm32g4xx.o
 .ARM.attributes
                0x0000000000000226       0x21 ./Core/Startup/startup_stm32g431kbtx.o
 .ARM.attributes
                0x0000000000000247       0x34 ./Drivers/ST7789-STM32/ST7789/fonts.o
 .ARM.attributes
                0x000000000000027b       0x34 ./Drivers/ST7789-STM32/ST7789/st7789.o
 .ARM.attributes
                0x00000000000002af       0x34 ./Drivers/STM32G4xx_HAL_Driver/Src/stm32g4xx_hal.o
 .ARM.attributes
                0x00000000000002e3       0x34 ./Drivers/STM32G4xx_HAL_Driver/Src/stm32g4xx_hal_cortex.o
 .ARM.attributes
                0x0000000000000317       0x34 ./Drivers/STM32G4xx_HAL_Driver/Src/stm32g4xx_hal_dma.o
 .ARM.attributes
                0x000000000000034b       0x34 ./Drivers/STM32G4xx_HAL_Driver/Src/stm32g4xx_hal_gpio.o
 .ARM.attributes
                0x000000000000037f       0x34 ./Drivers/STM32G4xx_HAL_Driver/Src/stm32g4xx_hal_pwr_ex.o
 .ARM.attributes
                0x00000000000003b3       0x34 ./Drivers/STM32G4xx_HAL_Driver/Src/stm32g4xx_hal_rcc.o
 .ARM.attributes
                0x00000000000003e7       0x34 ./Drivers/STM32G4xx_HAL_Driver/Src/stm32g4xx_hal_spi.o
 .ARM.attributes
                0x000000000000041b       0x34 ./Drivers/lis3dh-pid/lis3dh_reg.o
 .ARM.attributes
                0x000000000000044f       0x34 /Applications/STM32CubeIDE.app/Contents/Eclipse/plugins/com.st.stm32cube.ide.mcu.externaltools.gnu-tools-for-stm32.11.3.rel1.macos64_1.1.1.202309131626/tools/bin/../lib/gcc/arm-none-eabi/11.3.1/../../../../arm-none-eabi/lib/thumb/v7e-m+fp/hard/libc_nano.a(libc_a-findfp.o)
 .ARM.attributes
                0x0000000000000483       0x34 /Applications/STM32CubeIDE.app/Contents/Eclipse/plugins/com.st.stm32cube.ide.mcu.externaltools.gnu-tools-for-stm32.11.3.rel1.macos64_1.1.1.202309131626/tools/bin/../lib/gcc/arm-none-eabi/11.3.1/../../../../arm-none-eabi/lib/thumb/v7e-m+fp/hard/libc_nano.a(libc_a-memset.o)
 .ARM.attributes
                0x00000000000004b7       0x34 /Applications/STM32CubeIDE.app/Contents/Eclipse/plugins/com.st.stm32cube.ide.mcu.externaltools.gnu-tools-for-stm32.11.3.rel1.macos64_1.1.1.202309131626/tools/bin/../lib/gcc/arm-none-eabi/11.3.1/../../../../arm-none-eabi/lib/thumb/v7e-m+fp/hard/libc_nano.a(libc_a-impure.o)
 .ARM.attributes
                0x00000000000004eb       0x34 /Applications/STM32CubeIDE.app/Contents/Eclipse/plugins/com.st.stm32cube.ide.mcu.externaltools.gnu-tools-for-stm32.11.3.rel1.macos64_1.1.1.202309131626/tools/bin/../lib/gcc/arm-none-eabi/11.3.1/../../../../arm-none-eabi/lib/thumb/v7e-m+fp/hard/libc_nano.a(libc_a-errno.o)
 .ARM.attributes
                0x000000000000051f       0x34 /Applications/STM32CubeIDE.app/Contents/Eclipse/plugins/com.st.stm32cube.ide.mcu.externaltools.gnu-tools-for-stm32.11.3.rel1.macos64_1.1.1.202309131626/tools/bin/../lib/gcc/arm-none-eabi/11.3.1/../../../../arm-none-eabi/lib/thumb/v7e-m+fp/hard/libc_nano.a(libc_a-init.o)
 .ARM.attributes
                0x0000000000000553       0x34 /Applications/STM32CubeIDE.app/Contents/Eclipse/plugins/com.st.stm32cube.ide.mcu.externaltools.gnu-tools-for-stm32.11.3.rel1.macos64_1.1.1.202309131626/tools/bin/../lib/gcc/arm-none-eabi/11.3.1/../../../../arm-none-eabi/lib/thumb/v7e-m+fp/hard/libm.a(libm_a-w_asin.o)
 .ARM.attributes
                0x0000000000000587       0x34 /Applications/STM32CubeIDE.app/Contents/Eclipse/plugins/com.st.stm32cube.ide.mcu.externaltools.gnu-tools-for-stm32.11.3.rel1.macos64_1.1.1.202309131626/tools/bin/../lib/gcc/arm-none-eabi/11.3.1/../../../../arm-none-eabi/lib/thumb/v7e-m+fp/hard/libm.a(libm_a-e_asin.o)
 .ARM.attributes
                0x00000000000005bb       0x34 /Applications/STM32CubeIDE.app/Contents/Eclipse/plugins/com.st.stm32cube.ide.mcu.externaltools.gnu-tools-for-stm32.11.3.rel1.macos64_1.1.1.202309131626/tools/bin/../lib/gcc/arm-none-eabi/11.3.1/../../../../arm-none-eabi/lib/thumb/v7e-m+fp/hard/libm.a(libm_a-s_fabs.o)
 .ARM.attributes
                0x00000000000005ef       0x34 /Applications/STM32CubeIDE.app/Contents/Eclipse/plugins/com.st.stm32cube.ide.mcu.externaltools.gnu-tools-for-stm32.11.3.rel1.macos64_1.1.1.202309131626/tools/bin/../lib/gcc/arm-none-eabi/11.3.1/../../../../arm-none-eabi/lib/thumb/v7e-m+fp/hard/libm.a(libm_a-e_sqrt.o)
 .ARM.attributes
                0x0000000000000623       0x34 /Applications/STM32CubeIDE.app/Contents/Eclipse/plugins/com.st.stm32cube.ide.mcu.externaltools.gnu-tools-for-stm32.11.3.rel1.macos64_1.1.1.202309131626/tools/bin/../lib/gcc/arm-none-eabi/11.3.1/../../../../arm-none-eabi/lib/thumb/v7e-m+fp/hard/libm.a(libm_a-s_nan.o)
 .ARM.attributes
                0x0000000000000657       0x1e /Applications/STM32CubeIDE.app/Contents/Eclipse/plugins/com.st.stm32cube.ide.mcu.externaltools.gnu-tools-for-stm32.11.3.rel1.macos64_1.1.1.202309131626/tools/bin/../lib/gcc/arm-none-eabi/11.3.1/thumb/v7e-m+fp/hard/libgcc.a(_arm_addsubdf3.o)
 .ARM.attributes
                0x0000000000000675       0x1e /Applications/STM32CubeIDE.app/Contents/Eclipse/plugins/com.st.stm32cube.ide.mcu.externaltools.gnu-tools-for-stm32.11.3.rel1.macos64_1.1.1.202309131626/tools/bin/../lib/gcc/arm-none-eabi/11.3.1/thumb/v7e-m+fp/hard/libgcc.a(_arm_muldivdf3.o)
 .ARM.attributes
                0x0000000000000693       0x1e /Applications/STM32CubeIDE.app/Contents/Eclipse/plugins/com.st.stm32cube.ide.mcu.externaltools.gnu-tools-for-stm32.11.3.rel1.macos64_1.1.1.202309131626/tools/bin/../lib/gcc/arm-none-eabi/11.3.1/thumb/v7e-m+fp/hard/libgcc.a(_arm_cmpdf2.o)
 .ARM.attributes
                0x00000000000006b1       0x1e /Applications/STM32CubeIDE.app/Contents/Eclipse/plugins/com.st.stm32cube.ide.mcu.externaltools.gnu-tools-for-stm32.11.3.rel1.macos64_1.1.1.202309131626/tools/bin/../lib/gcc/arm-none-eabi/11.3.1/thumb/v7e-m+fp/hard/libgcc.a(_arm_unorddf2.o)
 .ARM.attributes
                0x00000000000006cf       0x1e /Applications/STM32CubeIDE.app/Contents/Eclipse/plugins/com.st.stm32cube.ide.mcu.externaltools.gnu-tools-for-stm32.11.3.rel1.macos64_1.1.1.202309131626/tools/bin/../lib/gcc/arm-none-eabi/11.3.1/thumb/v7e-m+fp/hard/libgcc.a(_arm_fixdfsi.o)
 .ARM.attributes
                0x00000000000006ed       0x1e /Applications/STM32CubeIDE.app/Contents/Eclipse/plugins/com.st.stm32cube.ide.mcu.externaltools.gnu-tools-for-stm32.11.3.rel1.macos64_1.1.1.202309131626/tools/bin/../lib/gcc/arm-none-eabi/11.3.1/thumb/v7e-m+fp/hard/crtn.o
OUTPUT(six_speed_display.elf elf32-littlearm)
LOAD linker stubs
LOAD /Applications/STM32CubeIDE.app/Contents/Eclipse/plugins/com.st.stm32cube.ide.mcu.externaltools.gnu-tools-for-stm32.11.3.rel1.macos64_1.1.1.202309131626/tools/bin/../lib/gcc/arm-none-eabi/11.3.1/../../../../arm-none-eabi/lib/thumb/v7e-m+fp/hard/libc.a
LOAD /Applications/STM32CubeIDE.app/Contents/Eclipse/plugins/com.st.stm32cube.ide.mcu.externaltools.gnu-tools-for-stm32.11.3.rel1.macos64_1.1.1.202309131626/tools/bin/../lib/gcc/arm-none-eabi/11.3.1/../../../../arm-none-eabi/lib/thumb/v7e-m+fp/hard/libm.a
LOAD /Applications/STM32CubeIDE.app/Contents/Eclipse/plugins/com.st.stm32cube.ide.mcu.externaltools.gnu-tools-for-stm32.11.3.rel1.macos64_1.1.1.202309131626/tools/bin/../lib/gcc/arm-none-eabi/11.3.1/thumb/v7e-m+fp/hard/libgcc.a

.comment        0x0000000000000000       0x43
 .comment       0x0000000000000000       0x43 /Applications/STM32CubeIDE.app/Contents/Eclipse/plugins/com.st.stm32cube.ide.mcu.externaltools.gnu-tools-for-stm32.11.3.rel1.macos64_1.1.1.202309131626/tools/bin/../lib/gcc/arm-none-eabi/11.3.1/thumb/v7e-m+fp/hard/crtbegin.o
                                         0x44 (size before relaxing)
 .comment       0x0000000000000043       0x44 ./Core/Src/accelerometer.o
 .comment       0x0000000000000043       0x44 ./Core/Src/dma.o
 .comment       0x0000000000000043       0x44 ./Core/Src/gpio.o
 .comment       0x0000000000000043       0x44 ./Core/Src/main.o
 .comment       0x0000000000000043       0x44 ./Core/Src/sixspeed.o
 .comment       0x0000000000000043       0x44 ./Core/Src/spi.o
 .comment       0x0000000000000043       0x44 ./Core/Src/stm32g4xx_hal_msp.o
 .comment       0x0000000000000043       0x44 ./Core/Src/stm32g4xx_it.o
 .comment       0x0000000000000043       0x44 ./Core/Src/system_stm32g4xx.o
 .comment       0x0000000000000043       0x44 ./Drivers/ST7789-STM32/ST7789/fonts.o
 .comment       0x0000000000000043       0x44 ./Drivers/ST7789-STM32/ST7789/st7789.o
 .comment       0x0000000000000043       0x44 ./Drivers/STM32G4xx_HAL_Driver/Src/stm32g4xx_hal.o
 .comment       0x0000000000000043       0x44 ./Drivers/STM32G4xx_HAL_Driver/Src/stm32g4xx_hal_cortex.o
 .comment       0x0000000000000043       0x44 ./Drivers/STM32G4xx_HAL_Driver/Src/stm32g4xx_hal_dma.o
 .comment       0x0000000000000043       0x44 ./Drivers/STM32G4xx_HAL_Driver/Src/stm32g4xx_hal_gpio.o
 .comment       0x0000000000000043       0x44 ./Drivers/STM32G4xx_HAL_Driver/Src/stm32g4xx_hal_pwr_ex.o
 .comment       0x0000000000000043       0x44 ./Drivers/STM32G4xx_HAL_Driver/Src/stm32g4xx_hal_rcc.o
 .comment       0x0000000000000043       0x44 ./Drivers/STM32G4xx_HAL_Driver/Src/stm32g4xx_hal_spi.o
 .comment       0x0000000000000043       0x44 ./Drivers/lis3dh-pid/lis3dh_reg.o

.debug_info     0x0000000000000000     0xf941
 .debug_info    0x0000000000000000     0x1953 ./Core/Src/accelerometer.o
 .debug_info    0x0000000000001953      0x4f2 ./Core/Src/dma.o
 .debug_info    0x0000000000001e45      0x447 ./Core/Src/gpio.o
 .debug_info    0x000000000000228c     0x1637 ./Core/Src/main.o
 .debug_info    0x00000000000038c3      0xfde ./Core/Src/sixspeed.o
 .debug_info    0x00000000000048a1      0xb29 ./Core/Src/spi.o
 .debug_info    0x00000000000053ca      0x2da ./Core/Src/stm32g4xx_hal_msp.o
 .debug_info    0x00000000000056a4      0x472 ./Core/Src/stm32g4xx_it.o
 .debug_info    0x0000000000005b16      0x58e ./Core/Src/system_stm32g4xx.o
 .debug_info    0x00000000000060a4       0x23 ./Core/Startup/startup_stm32g431kbtx.o
 .debug_info    0x00000000000060c7      0x19a ./Drivers/ST7789-STM32/ST7789/fonts.o
 .debug_info    0x0000000000006261     0x138b ./Drivers/ST7789-STM32/ST7789/st7789.o
 .debug_info    0x00000000000075ec      0xadb ./Drivers/STM32G4xx_HAL_Driver/Src/stm32g4xx_hal.o
 .debug_info    0x00000000000080c7      0xcf3 ./Drivers/STM32G4xx_HAL_Driver/Src/stm32g4xx_hal_cortex.o
 .debug_info    0x0000000000008dba      0x85f ./Drivers/STM32G4xx_HAL_Driver/Src/stm32g4xx_hal_dma.o
 .debug_info    0x0000000000009619      0x763 ./Drivers/STM32G4xx_HAL_Driver/Src/stm32g4xx_hal_gpio.o
 .debug_info    0x0000000000009d7c      0x93f ./Drivers/STM32G4xx_HAL_Driver/Src/stm32g4xx_hal_pwr_ex.o
 .debug_info    0x000000000000a6bb      0xb82 ./Drivers/STM32G4xx_HAL_Driver/Src/stm32g4xx_hal_rcc.o
 .debug_info    0x000000000000b23d     0x1748 ./Drivers/STM32G4xx_HAL_Driver/Src/stm32g4xx_hal_spi.o
 .debug_info    0x000000000000c985     0x2fbc ./Drivers/lis3dh-pid/lis3dh_reg.o

.debug_abbrev   0x0000000000000000     0x25fb
 .debug_abbrev  0x0000000000000000      0x2bd ./Core/Src/accelerometer.o
 .debug_abbrev  0x00000000000002bd      0x109 ./Core/Src/dma.o
 .debug_abbrev  0x00000000000003c6      0x152 ./Core/Src/gpio.o
 .debug_abbrev  0x0000000000000518      0x302 ./Core/Src/main.o
 .debug_abbrev  0x000000000000081a      0x23f ./Core/Src/sixspeed.o
 .debug_abbrev  0x0000000000000a59      0x203 ./Core/Src/spi.o
 .debug_abbrev  0x0000000000000c5c       0xd9 ./Core/Src/stm32g4xx_hal_msp.o
 .debug_abbrev  0x0000000000000d35      0x16a ./Core/Src/stm32g4xx_it.o
 .debug_abbrev  0x0000000000000e9f      0x11a ./Core/Src/system_stm32g4xx.o
 .debug_abbrev  0x0000000000000fb9       0x12 ./Core/Startup/startup_stm32g431kbtx.o
 .debug_abbrev  0x0000000000000fcb       0xb3 ./Drivers/ST7789-STM32/ST7789/fonts.o
 .debug_abbrev  0x000000000000107e      0x2a4 ./Drivers/ST7789-STM32/ST7789/st7789.o
 .debug_abbrev  0x0000000000001322      0x271 ./Drivers/STM32G4xx_HAL_Driver/Src/stm32g4xx_hal.o
 .debug_abbrev  0x0000000000001593      0x31c ./Drivers/STM32G4xx_HAL_Driver/Src/stm32g4xx_hal_cortex.o
 .debug_abbrev  0x00000000000018af      0x1e2 ./Drivers/STM32G4xx_HAL_Driver/Src/stm32g4xx_hal_dma.o
 .debug_abbrev  0x0000000000001a91      0x1cb ./Drivers/STM32G4xx_HAL_Driver/Src/stm32g4xx_hal_gpio.o
 .debug_abbrev  0x0000000000001c5c      0x22c ./Drivers/STM32G4xx_HAL_Driver/Src/stm32g4xx_hal_pwr_ex.o
 .debug_abbrev  0x0000000000001e88      0x2c9 ./Drivers/STM32G4xx_HAL_Driver/Src/stm32g4xx_hal_rcc.o
 .debug_abbrev  0x0000000000002151      0x267 ./Drivers/STM32G4xx_HAL_Driver/Src/stm32g4xx_hal_spi.o
 .debug_abbrev  0x00000000000023b8      0x243 ./Drivers/lis3dh-pid/lis3dh_reg.o

.debug_aranges  0x0000000000000000      0xd90
 .debug_aranges
                0x0000000000000000       0x60 ./Core/Src/accelerometer.o
 .debug_aranges
                0x0000000000000060       0x20 ./Core/Src/dma.o
 .debug_aranges
                0x0000000000000080       0x20 ./Core/Src/gpio.o
 .debug_aranges
                0x00000000000000a0       0x30 ./Core/Src/main.o
 .debug_aranges
                0x00000000000000d0       0x30 ./Core/Src/sixspeed.o
 .debug_aranges
                0x0000000000000100       0x30 ./Core/Src/spi.o
 .debug_aranges
                0x0000000000000130       0x20 ./Core/Src/stm32g4xx_hal_msp.o
 .debug_aranges
                0x0000000000000150       0x68 ./Core/Src/stm32g4xx_it.o
 .debug_aranges
                0x00000000000001b8       0x28 ./Core/Src/system_stm32g4xx.o
 .debug_aranges
                0x00000000000001e0       0x28 ./Core/Startup/startup_stm32g431kbtx.o
 .debug_aranges
                0x0000000000000208       0x18 ./Drivers/ST7789-STM32/ST7789/fonts.o
 .debug_aranges
                0x0000000000000220       0xd8 ./Drivers/ST7789-STM32/ST7789/st7789.o
 .debug_aranges
                0x00000000000002f8      0x148 ./Drivers/STM32G4xx_HAL_Driver/Src/stm32g4xx_hal.o
 .debug_aranges
                0x0000000000000440      0x118 ./Drivers/STM32G4xx_HAL_Driver/Src/stm32g4xx_hal_cortex.o
 .debug_aranges
                0x0000000000000558       0x90 ./Drivers/STM32G4xx_HAL_Driver/Src/stm32g4xx_hal_dma.o
 .debug_aranges
                0x00000000000005e8       0x58 ./Drivers/STM32G4xx_HAL_Driver/Src/stm32g4xx_hal_gpio.o
 .debug_aranges
                0x0000000000000640      0x140 ./Drivers/STM32G4xx_HAL_Driver/Src/stm32g4xx_hal_pwr_ex.o
 .debug_aranges
                0x0000000000000780       0x98 ./Drivers/STM32G4xx_HAL_Driver/Src/stm32g4xx_hal_rcc.o
 .debug_aranges
                0x0000000000000818      0x1d8 ./Drivers/STM32G4xx_HAL_Driver/Src/stm32g4xx_hal_spi.o
 .debug_aranges
                0x00000000000009f0      0x3a0 ./Drivers/lis3dh-pid/lis3dh_reg.o

.debug_rnglists
                0x0000000000000000      0xa0d
 .debug_rnglists
                0x0000000000000000       0x47 ./Core/Src/accelerometer.o
 .debug_rnglists
                0x0000000000000047       0x13 ./Core/Src/dma.o
 .debug_rnglists
                0x000000000000005a       0x14 ./Core/Src/gpio.o
 .debug_rnglists
                0x000000000000006e       0x20 ./Core/Src/main.o
 .debug_rnglists
                0x000000000000008e       0x21 ./Core/Src/sixspeed.o
 .debug_rnglists
                0x00000000000000af       0x20 ./Core/Src/spi.o
 .debug_rnglists
                0x00000000000000cf       0x13 ./Core/Src/stm32g4xx_hal_msp.o
 .debug_rnglists
                0x00000000000000e2       0x49 ./Core/Src/stm32g4xx_it.o
 .debug_rnglists
                0x000000000000012b       0x1a ./Core/Src/system_stm32g4xx.o
 .debug_rnglists
                0x0000000000000145       0x19 ./Core/Startup/startup_stm32g431kbtx.o
 .debug_rnglists
                0x000000000000015e       0xab ./Drivers/ST7789-STM32/ST7789/st7789.o
 .debug_rnglists
                0x0000000000000209       0xf1 ./Drivers/STM32G4xx_HAL_Driver/Src/stm32g4xx_hal.o
 .debug_rnglists
                0x00000000000002fa       0xce ./Drivers/STM32G4xx_HAL_Driver/Src/stm32g4xx_hal_cortex.o
 .debug_rnglists
                0x00000000000003c8       0x71 ./Drivers/STM32G4xx_HAL_Driver/Src/stm32g4xx_hal_dma.o
 .debug_rnglists
                0x0000000000000439       0x3f ./Drivers/STM32G4xx_HAL_Driver/Src/stm32g4xx_hal_gpio.o
 .debug_rnglists
                0x0000000000000478       0xf1 ./Drivers/STM32G4xx_HAL_Driver/Src/stm32g4xx_hal_pwr_ex.o
 .debug_rnglists
                0x0000000000000569       0x74 ./Drivers/STM32G4xx_HAL_Driver/Src/stm32g4xx_hal_rcc.o
 .debug_rnglists
                0x00000000000005dd      0x178 ./Drivers/STM32G4xx_HAL_Driver/Src/stm32g4xx_hal_spi.o
 .debug_rnglists
                0x0000000000000755      0x2b8 ./Drivers/lis3dh-pid/lis3dh_reg.o

.debug_macro    0x0000000000000000    0x1dad4
 .debug_macro   0x0000000000000000      0x2a5 ./Core/Src/accelerometer.o
 .debug_macro   0x00000000000002a5      0xaa8 ./Core/Src/accelerometer.o
 .debug_macro   0x0000000000000d4d       0x22 ./Core/Src/accelerometer.o
 .debug_macro   0x0000000000000d6f       0x8e ./Core/Src/accelerometer.o
 .debug_macro   0x0000000000000dfd       0x51 ./Core/Src/accelerometer.o
 .debug_macro   0x0000000000000e4e      0x103 ./Core/Src/accelerometer.o
 .debug_macro   0x0000000000000f51       0x6a ./Core/Src/accelerometer.o
 .debug_macro   0x0000000000000fbb      0x1df ./Core/Src/accelerometer.o
 .debug_macro   0x000000000000119a      0x174 ./Core/Src/accelerometer.o
 .debug_macro   0x000000000000130e       0x61 ./Core/Src/accelerometer.o
 .debug_macro   0x000000000000136f       0x2a ./Core/Src/accelerometer.o
 .debug_macro   0x0000000000001399       0x43 ./Core/Src/accelerometer.o
 .debug_macro   0x00000000000013dc       0x34 ./Core/Src/accelerometer.o
 .debug_macro   0x0000000000001410       0x16 ./Core/Src/accelerometer.o
 .debug_macro   0x0000000000001426       0x43 ./Core/Src/accelerometer.o
 .debug_macro   0x0000000000001469       0x34 ./Core/Src/accelerometer.o
 .debug_macro   0x000000000000149d       0x10 ./Core/Src/accelerometer.o
 .debug_macro   0x00000000000014ad       0x58 ./Core/Src/accelerometer.o
 .debug_macro   0x0000000000001505       0x8e ./Core/Src/accelerometer.o
 .debug_macro   0x0000000000001593       0x1c ./Core/Src/accelerometer.o
 .debug_macro   0x00000000000015af      0x177 ./Core/Src/accelerometer.o
 .debug_macro   0x0000000000001726      0x369 ./Core/Src/accelerometer.o
 .debug_macro   0x0000000000001a8f      0x19b ./Core/Src/accelerometer.o
 .debug_macro   0x0000000000001c2a      0x171 ./Core/Src/accelerometer.o
 .debug_macro   0x0000000000001d9b      0x155 ./Core/Src/accelerometer.o
 .debug_macro   0x0000000000001ef0       0x2e ./Core/Src/accelerometer.o
 .debug_macro   0x0000000000001f1e       0x28 ./Core/Src/accelerometer.o
 .debug_macro   0x0000000000001f46       0x1c ./Core/Src/accelerometer.o
 .debug_macro   0x0000000000001f62       0x22 ./Core/Src/accelerometer.o
 .debug_macro   0x0000000000001f84       0xfb ./Core/Src/accelerometer.o
 .debug_macro   0x000000000000207f     0x1011 ./Core/Src/accelerometer.o
 .debug_macro   0x0000000000003090      0x11f ./Core/Src/accelerometer.o
 .debug_macro   0x00000000000031af    0x11350 ./Core/Src/accelerometer.o
 .debug_macro   0x00000000000144ff       0x6d ./Core/Src/accelerometer.o
 .debug_macro   0x000000000001456c     0x354d ./Core/Src/accelerometer.o
 .debug_macro   0x0000000000017ab9       0x50 ./Core/Src/accelerometer.o
 .debug_macro   0x0000000000017b09     0x141d ./Core/Src/accelerometer.o
 .debug_macro   0x0000000000018f26      0x535 ./Core/Src/accelerometer.o
 .debug_macro   0x000000000001945b      0x1b6 ./Core/Src/accelerometer.o
 .debug_macro   0x0000000000019611      0x288 ./Core/Src/accelerometer.o
 .debug_macro   0x0000000000019899      0x41d ./Core/Src/accelerometer.o
 .debug_macro   0x0000000000019cb6      0x18b ./Core/Src/accelerometer.o
 .debug_macro   0x0000000000019e41       0x43 ./Core/Src/accelerometer.o
 .debug_macro   0x0000000000019e84      0x23d ./Core/Src/accelerometer.o
 .debug_macro   0x000000000001a0c1      0x211 ./Core/Src/accelerometer.o
 .debug_macro   0x000000000001a2d2      0x401 ./Core/Src/accelerometer.o
 .debug_macro   0x000000000001a6d3      0x107 ./Core/Src/accelerometer.o
 .debug_macro   0x000000000001a7da      0x122 ./Core/Src/accelerometer.o
 .debug_macro   0x000000000001a8fc      0x3d1 ./Core/Src/accelerometer.o
 .debug_macro   0x000000000001accd      0x2fe ./Core/Src/accelerometer.o
 .debug_macro   0x000000000001afcb      0x306 ./Core/Src/accelerometer.o
 .debug_macro   0x000000000001b2d1       0x46 ./Core/Src/accelerometer.o
 .debug_macro   0x000000000001b317       0x16 ./Core/Src/accelerometer.o
 .debug_macro   0x000000000001b32d      0x1d4 ./Core/Src/dma.o
 .debug_macro   0x000000000001b501       0x5c ./Core/Src/dma.o
 .debug_macro   0x000000000001b55d       0x40 ./Core/Src/dma.o
 .debug_macro   0x000000000001b59d      0x1d4 ./Core/Src/gpio.o
 .debug_macro   0x000000000001b771      0x35b ./Core/Src/main.o
 .debug_macro   0x000000000001bacc       0x16 ./Core/Src/main.o
 .debug_macro   0x000000000001bae2       0x35 ./Core/Src/main.o
 .debug_macro   0x000000000001bb17       0x16 ./Core/Src/main.o
 .debug_macro   0x000000000001bb2d       0x29 ./Core/Src/main.o
 .debug_macro   0x000000000001bb56       0x1c ./Core/Src/main.o
 .debug_macro   0x000000000001bb72       0x10 ./Core/Src/main.o
 .debug_macro   0x000000000001bb82       0x1c ./Core/Src/main.o
 .debug_macro   0x000000000001bb9e       0x16 ./Core/Src/main.o
 .debug_macro   0x000000000001bbb4      0x147 ./Core/Src/main.o
 .debug_macro   0x000000000001bcfb      0x1f3 ./Core/Src/main.o
 .debug_macro   0x000000000001beee      0x16a ./Core/Src/main.o
 .debug_macro   0x000000000001c058       0x16 ./Core/Src/main.o
 .debug_macro   0x000000000001c06e      0x2cf ./Core/Src/sixspeed.o
 .debug_macro   0x000000000001c33d      0x1d4 ./Core/Src/spi.o
 .debug_macro   0x000000000001c511      0x1ca ./Core/Src/stm32g4xx_hal_msp.o
 .debug_macro   0x000000000001c6db      0x1d4 ./Core/Src/stm32g4xx_it.o
 .debug_macro   0x000000000001c8af      0x1bb ./Core/Src/system_stm32g4xx.o
 .debug_macro   0x000000000001ca6a       0x6d ./Drivers/ST7789-STM32/ST7789/fonts.o
 .debug_macro   0x000000000001cad7      0x1f1 ./Drivers/ST7789-STM32/ST7789/st7789.o
 .debug_macro   0x000000000001ccc8      0x209 ./Drivers/STM32G4xx_HAL_Driver/Src/stm32g4xx_hal.o
 .debug_macro   0x000000000001ced1      0x1bb ./Drivers/STM32G4xx_HAL_Driver/Src/stm32g4xx_hal_cortex.o
 .debug_macro   0x000000000001d08c      0x1bb ./Drivers/STM32G4xx_HAL_Driver/Src/stm32g4xx_hal_dma.o
 .debug_macro   0x000000000001d247      0x1c2 ./Drivers/STM32G4xx_HAL_Driver/Src/stm32g4xx_hal_gpio.o
 .debug_macro   0x000000000001d409      0x1e5 ./Drivers/STM32G4xx_HAL_Driver/Src/stm32g4xx_hal_pwr_ex.o
 .debug_macro   0x000000000001d5ee      0x1fd ./Drivers/STM32G4xx_HAL_Driver/Src/stm32g4xx_hal_rcc.o
 .debug_macro   0x000000000001d7eb      0x1c3 ./Drivers/STM32G4xx_HAL_Driver/Src/stm32g4xx_hal_spi.o
 .debug_macro   0x000000000001d9ae      0x126 ./Drivers/lis3dh-pid/lis3dh_reg.o

.debug_line     0x0000000000000000     0xdc85
 .debug_line    0x0000000000000000      0xb4b ./Core/Src/accelerometer.o
 .debug_line    0x0000000000000b4b      0x6c0 ./Core/Src/dma.o
 .debug_line    0x000000000000120b      0x6d1 ./Core/Src/gpio.o
 .debug_line    0x00000000000018dc      0x9ca ./Core/Src/main.o
 .debug_line    0x00000000000022a6      0x985 ./Core/Src/sixspeed.o
 .debug_line    0x0000000000002c2b      0x772 ./Core/Src/spi.o
 .debug_line    0x000000000000339d      0x6c5 ./Core/Src/stm32g4xx_hal_msp.o
 .debug_line    0x0000000000003a62      0x79e ./Core/Src/stm32g4xx_it.o
 .debug_line    0x0000000000004200      0x72d ./Core/Src/system_stm32g4xx.o
 .debug_line    0x000000000000492d       0x7b ./Core/Startup/startup_stm32g431kbtx.o
 .debug_line    0x00000000000049a8      0x3a6 ./Drivers/ST7789-STM32/ST7789/fonts.o
 .debug_line    0x0000000000004d4e      0xe78 ./Drivers/ST7789-STM32/ST7789/st7789.o
 .debug_line    0x0000000000005bc6      0xaec ./Drivers/STM32G4xx_HAL_Driver/Src/stm32g4xx_hal.o
 .debug_line    0x00000000000066b2      0xc57 ./Drivers/STM32G4xx_HAL_Driver/Src/stm32g4xx_hal_cortex.o
 .debug_line    0x0000000000007309      0xe10 ./Drivers/STM32G4xx_HAL_Driver/Src/stm32g4xx_hal_dma.o
 .debug_line    0x0000000000008119      0xae7 ./Drivers/STM32G4xx_HAL_Driver/Src/stm32g4xx_hal_gpio.o
 .debug_line    0x0000000000008c00      0xc5b ./Drivers/STM32G4xx_HAL_Driver/Src/stm32g4xx_hal_pwr_ex.o
 .debug_line    0x000000000000985b      0xeb4 ./Drivers/STM32G4xx_HAL_Driver/Src/stm32g4xx_hal_rcc.o
 .debug_line    0x000000000000a70f     0x1f21 ./Drivers/STM32G4xx_HAL_Driver/Src/stm32g4xx_hal_spi.o
 .debug_line    0x000000000000c630     0x1655 ./Drivers/lis3dh-pid/lis3dh_reg.o

.debug_str      0x0000000000000000    0xb4fe8
 .debug_str     0x0000000000000000    0xb07d6 ./Core/Src/accelerometer.o
                                      0xb0b45 (size before relaxing)
 .debug_str     0x00000000000b07d6      0x5ef ./Core/Src/dma.o
                                      0xac484 (size before relaxing)
 .debug_str     0x00000000000b0dc5       0x70 ./Core/Src/gpio.o
                                      0xac0cb (size before relaxing)
 .debug_str     0x00000000000b0e35      0xfdf ./Core/Src/main.o
                                      0xb17f5 (size before relaxing)
 .debug_str     0x00000000000b1e14      0x198 ./Core/Src/sixspeed.o
                                      0xb0b39 (size before relaxing)
 .debug_str     0x00000000000b1fac       0x84 ./Core/Src/spi.o
                                      0xac629 (size before relaxing)
 .debug_str     0x00000000000b2030       0x4d ./Core/Src/stm32g4xx_hal_msp.o
                                      0xac021 (size before relaxing)
 .debug_str     0x00000000000b207d       0xf5 ./Core/Src/stm32g4xx_it.o
                                      0xac257 (size before relaxing)
 .debug_str     0x00000000000b2172       0xdb ./Core/Src/system_stm32g4xx.o
                                      0xabfb1 (size before relaxing)
 .debug_str     0x00000000000b224d       0x34 ./Core/Startup/startup_stm32g431kbtx.o
                                         0x70 (size before relaxing)
 .debug_str     0x00000000000b2281       0x59 ./Drivers/ST7789-STM32/ST7789/fonts.o
                                       0x3d74 (size before relaxing)
 .debug_str     0x00000000000b22da      0x2a8 ./Drivers/ST7789-STM32/ST7789/st7789.o
                                      0xacdeb (size before relaxing)
 .debug_str     0x00000000000b2582      0x5d9 ./Drivers/STM32G4xx_HAL_Driver/Src/stm32g4xx_hal.o
                                      0xacaf0 (size before relaxing)
 .debug_str     0x00000000000b2b5b      0x327 ./Drivers/STM32G4xx_HAL_Driver/Src/stm32g4xx_hal_cortex.o
                                      0xac774 (size before relaxing)
 .debug_str     0x00000000000b2e82      0x2a9 ./Drivers/STM32G4xx_HAL_Driver/Src/stm32g4xx_hal_dma.o
                                      0xac38b (size before relaxing)
 .debug_str     0x00000000000b312b      0x11a ./Drivers/STM32G4xx_HAL_Driver/Src/stm32g4xx_hal_gpio.o
                                      0xac13c (size before relaxing)
 .debug_str     0x00000000000b3245      0x4a5 ./Drivers/STM32G4xx_HAL_Driver/Src/stm32g4xx_hal_pwr_ex.o
                                      0xac49f (size before relaxing)
 .debug_str     0x00000000000b36ea      0x4e0 ./Drivers/STM32G4xx_HAL_Driver/Src/stm32g4xx_hal_rcc.o
                                      0xac6aa (size before relaxing)
 .debug_str     0x00000000000b3bca      0x55f ./Drivers/STM32G4xx_HAL_Driver/Src/stm32g4xx_hal_spi.o
                                      0xac8e9 (size before relaxing)
 .debug_str     0x00000000000b4129      0xebf ./Drivers/lis3dh-pid/lis3dh_reg.o
                                       0x93e7 (size before relaxing)

.debug_frame    0x0000000000000000     0x3a68
 .debug_frame   0x0000000000000000      0x15c ./Core/Src/accelerometer.o
 .debug_frame   0x000000000000015c       0x34 ./Core/Src/dma.o
 .debug_frame   0x0000000000000190       0x34 ./Core/Src/gpio.o
 .debug_frame   0x00000000000001c4       0x6c ./Core/Src/main.o
 .debug_frame   0x0000000000000230       0x7c ./Core/Src/sixspeed.o
 .debug_frame   0x00000000000002ac       0x74 ./Core/Src/spi.o
 .debug_frame   0x0000000000000320       0x34 ./Core/Src/stm32g4xx_hal_msp.o
 .debug_frame   0x0000000000000354      0x120 ./Core/Src/stm32g4xx_it.o
 .debug_frame   0x0000000000000474       0x58 ./Core/Src/system_stm32g4xx.o
 .debug_frame   0x00000000000004cc      0x3cc ./Drivers/ST7789-STM32/ST7789/st7789.o
 .debug_frame   0x0000000000000898      0x500 ./Drivers/STM32G4xx_HAL_Driver/Src/stm32g4xx_hal.o
 .debug_frame   0x0000000000000d98      0x498 ./Drivers/STM32G4xx_HAL_Driver/Src/stm32g4xx_hal_cortex.o
 .debug_frame   0x0000000000001230      0x24c ./Drivers/STM32G4xx_HAL_Driver/Src/stm32g4xx_hal_dma.o
 .debug_frame   0x000000000000147c      0x14c ./Drivers/STM32G4xx_HAL_Driver/Src/stm32g4xx_hal_gpio.o
 .debug_frame   0x00000000000015c8      0x4fc ./Drivers/STM32G4xx_HAL_Driver/Src/stm32g4xx_hal_pwr_ex.o
 .debug_frame   0x0000000000001ac4      0x23c ./Drivers/STM32G4xx_HAL_Driver/Src/stm32g4xx_hal_rcc.o
 .debug_frame   0x0000000000001d00      0x860 ./Drivers/STM32G4xx_HAL_Driver/Src/stm32g4xx_hal_spi.o
 .debug_frame   0x0000000000002560     0x1038 ./Drivers/lis3dh-pid/lis3dh_reg.o
 .debug_frame   0x0000000000003598      0x144 /Applications/STM32CubeIDE.app/Contents/Eclipse/plugins/com.st.stm32cube.ide.mcu.externaltools.gnu-tools-for-stm32.11.3.rel1.macos64_1.1.1.202309131626/tools/bin/../lib/gcc/arm-none-eabi/11.3.1/../../../../arm-none-eabi/lib/thumb/v7e-m+fp/hard/libc_nano.a(libc_a-findfp.o)
 .debug_frame   0x00000000000036dc       0x20 /Applications/STM32CubeIDE.app/Contents/Eclipse/plugins/com.st.stm32cube.ide.mcu.externaltools.gnu-tools-for-stm32.11.3.rel1.macos64_1.1.1.202309131626/tools/bin/../lib/gcc/arm-none-eabi/11.3.1/../../../../arm-none-eabi/lib/thumb/v7e-m+fp/hard/libc_nano.a(libc_a-memset.o)
 .debug_frame   0x00000000000036fc       0x20 /Applications/STM32CubeIDE.app/Contents/Eclipse/plugins/com.st.stm32cube.ide.mcu.externaltools.gnu-tools-for-stm32.11.3.rel1.macos64_1.1.1.202309131626/tools/bin/../lib/gcc/arm-none-eabi/11.3.1/../../../../arm-none-eabi/lib/thumb/v7e-m+fp/hard/libc_nano.a(libc_a-errno.o)
 .debug_frame   0x000000000000371c       0x2c /Applications/STM32CubeIDE.app/Contents/Eclipse/plugins/com.st.stm32cube.ide.mcu.externaltools.gnu-tools-for-stm32.11.3.rel1.macos64_1.1.1.202309131626/tools/bin/../lib/gcc/arm-none-eabi/11.3.1/../../../../arm-none-eabi/lib/thumb/v7e-m+fp/hard/libc_nano.a(libc_a-init.o)
 .debug_frame   0x0000000000003748       0x4c /Applications/STM32CubeIDE.app/Contents/Eclipse/plugins/com.st.stm32cube.ide.mcu.externaltools.gnu-tools-for-stm32.11.3.rel1.macos64_1.1.1.202309131626/tools/bin/../lib/gcc/arm-none-eabi/11.3.1/../../../../arm-none-eabi/lib/thumb/v7e-m+fp/hard/libm.a(libm_a-w_asin.o)
 .debug_frame   0x0000000000003794       0x58 /Applications/STM32CubeIDE.app/Contents/Eclipse/plugins/com.st.stm32cube.ide.mcu.externaltools.gnu-tools-for-stm32.11.3.rel1.macos64_1.1.1.202309131626/tools/bin/../lib/gcc/arm-none-eabi/11.3.1/../../../../arm-none-eabi/lib/thumb/v7e-m+fp/hard/libm.a(libm_a-e_asin.o)
 .debug_frame   0x00000000000037ec       0x20 /Applications/STM32CubeIDE.app/Contents/Eclipse/plugins/com.st.stm32cube.ide.mcu.externaltools.gnu-tools-for-stm32.11.3.rel1.macos64_1.1.1.202309131626/tools/bin/../lib/gcc/arm-none-eabi/11.3.1/../../../../arm-none-eabi/lib/thumb/v7e-m+fp/hard/libm.a(libm_a-s_fabs.o)
 .debug_frame   0x000000000000380c       0x38 /Applications/STM32CubeIDE.app/Contents/Eclipse/plugins/com.st.stm32cube.ide.mcu.externaltools.gnu-tools-for-stm32.11.3.rel1.macos64_1.1.1.202309131626/tools/bin/../lib/gcc/arm-none-eabi/11.3.1/../../../../arm-none-eabi/lib/thumb/v7e-m+fp/hard/libm.a(libm_a-e_sqrt.o)
 .debug_frame   0x0000000000003844       0x20 /Applications/STM32CubeIDE.app/Contents/Eclipse/plugins/com.st.stm32cube.ide.mcu.externaltools.gnu-tools-for-stm32.11.3.rel1.macos64_1.1.1.202309131626/tools/bin/../lib/gcc/arm-none-eabi/11.3.1/../../../../arm-none-eabi/lib/thumb/v7e-m+fp/hard/libm.a(libm_a-s_nan.o)
 .debug_frame   0x0000000000003864       0xac /Applications/STM32CubeIDE.app/Contents/Eclipse/plugins/com.st.stm32cube.ide.mcu.externaltools.gnu-tools-for-stm32.11.3.rel1.macos64_1.1.1.202309131626/tools/bin/../lib/gcc/arm-none-eabi/11.3.1/thumb/v7e-m+fp/hard/libgcc.a(_arm_addsubdf3.o)
 .debug_frame   0x0000000000003910       0x50 /Applications/STM32CubeIDE.app/Contents/Eclipse/plugins/com.st.stm32cube.ide.mcu.externaltools.gnu-tools-for-stm32.11.3.rel1.macos64_1.1.1.202309131626/tools/bin/../lib/gcc/arm-none-eabi/11.3.1/thumb/v7e-m+fp/hard/libgcc.a(_arm_muldivdf3.o)
 .debug_frame   0x0000000000003960       0xc4 /Applications/STM32CubeIDE.app/Contents/Eclipse/plugins/com.st.stm32cube.ide.mcu.externaltools.gnu-tools-for-stm32.11.3.rel1.macos64_1.1.1.202309131626/tools/bin/../lib/gcc/arm-none-eabi/11.3.1/thumb/v7e-m+fp/hard/libgcc.a(_arm_cmpdf2.o)
 .debug_frame   0x0000000000003a24       0x20 /Applications/STM32CubeIDE.app/Contents/Eclipse/plugins/com.st.stm32cube.ide.mcu.externaltools.gnu-tools-for-stm32.11.3.rel1.macos64_1.1.1.202309131626/tools/bin/../lib/gcc/arm-none-eabi/11.3.1/thumb/v7e-m+fp/hard/libgcc.a(_arm_unorddf2.o)
 .debug_frame   0x0000000000003a44       0x24 /Applications/STM32CubeIDE.app/Contents/Eclipse/plugins/com.st.stm32cube.ide.mcu.externaltools.gnu-tools-for-stm32.11.3.rel1.macos64_1.1.1.202309131626/tools/bin/../lib/gcc/arm-none-eabi/11.3.1/thumb/v7e-m+fp/hard/libgcc.a(_arm_fixdfsi.o)

.debug_line_str
                0x0000000000000000       0x64
 .debug_line_str
                0x0000000000000000       0x64 ./Core/Startup/startup_stm32g431kbtx.o
                                         0x7c (size before relaxing)
